<html>
<body>
<pre>
<h1>µVision Build Log</h1>
<h2>Tool Versions:</h2>
IDE-Version: µVision V5.12.0.0
Copyright (C) 2014 ARM Ltd and ARM Germany GmbH. All rights reserved.
License Information: Petr Krist, UWB Pilsen, LIC=----
 
Tool Versions:
Toolchain:       MDK-Lite  Version: 5.12.0.0
Toolchain Path:  C:\Keil\MDK_ARM_V510\ARM\ARMCC\Bin
C Compiler:      Armcc.exe V5.05 (build 41)
Assembler:       Armasm.exe V5.05 (build 41)
Linker/Locator:  ArmLink.exe V5.05 (build 41)
Library Manager: ArmAr.exe V5.05 (build 41)
Hex Converter:   FromElf.exe V5.05 (build 41)
CPU DLL:         SARMCM3.DLL V5.12.0.0
Dialog DLL:      DCM.DLL V1.13.0.0
    Target DLL: STLink\ST-LINKIII-KEIL_SWO.dll
Dialog DLL:      TCM.DLL V1.14.2.0
 
<h2>Project:</h2>
C:\Users\petr\Documents\STM32F10x\Keil_uV5\Nucleo103RB\DMA_new\dma.uvprojx
Project File Date:  11/25/2015

<h2>Output:</h2>
Rebuild target 'Target 1'
assembling startup_stm32f10x_md.s...
compiling system_stm32f10x.c...
compiling main.c...
compiling stm32f1xx_it.c...
linking...
Program Size: Code=824 RO-data=396 RW-data=24 ZI-data=1152  
FromELF: creating hex file...
".\Objects\dma.axf" - 0 Error(s), 0 Warning(s).

<h2>Collection of Component include folders:</h2>
  C:\Users\petr\Documents\STM32F10x\Keil_uV5\Nucleo103RB\DMA_new\RTE
  C:\Keil\MDK_ARM_V510\ARM\PACK\Keil\STM32F1xx_DFP\1.1.0\Device\Include

<h2>Collection of Component Files used:</h2>
Load "C:\\Users\\petr\\Documents\\STM32F10x\\Keil_uV5\\Nucleo103RB\\DMA_new\\Objects\\dma.axf" 
Erase Done.
Programming Done.
Verify OK.
Application running ...
Clean started: Project: 'dma'
   deleting intermediate output files for target 'Target 1'
 conversion resulted in truncation
    const unsigned int SRC_Buffer[BUFFSIZE]= {  0x03020100,0x13121110,0x23232120,0x33323130,
main.c(117): warning:  #69-D: integer conversion resulted in truncation
    const unsigned int SRC_Buffer[BUFFSIZE]= {  0x03020100,0x13121110,0x23232120,0x33323130,
main.c(118): warning:  #69-D: integer conversion resulted in truncation
main.c(118): warning:  #69-D: integer conversion resulted in truncation
main.c(118): warning:  #69-D: integer conversion resulted in truncation
main.c(118): warning:  #69-D: integer conversion resulted in truncation
main.c(119): warning:  #69-D: integer conversion resulted in truncation
main.c(119): warning:  #69-D: integer conversion resulted in truncation
main.c(119): warning:  #69-D: integer conversion resulted in truncation
main.c(119): warning:  #69-D: integer conversion resulted in truncation
main.c(120): warning:  #69-D: integer conversion resulted in truncation
main.c(120): warning:  #69-D: integer conversion resulted in truncation
main.c(120): warning:  #69-D: integer conversion resulted in truncation
main.c(120): warning:  #69-D: integer conversion resulted in truncation
main.c(121): warning:  #69-D: integer conversion resulted in truncation
main.c(121): warning:  #69-D: integer conversion resulted in truncation
main.c(121): warning:  #69-D: integer conversion resulted in truncation
main.c(121): warning:  #69-D: integer conversion resulted in truncation
main.c(122): warning:  #69-D: integer conversion resulted in truncation
main.c(122): warning:  #69-D: integer conversion resulted in truncation
main.c(122): warning:  #69-D: integer conversion resulted in truncation
main.c(122): warning:  #69-D: integer conversion resulted in truncation
main.c(123): warning:  #69-D: integer conversion resulted in truncation
main.c(123): warning:  #69-D: integer conversion resulted in truncation
main.c(123): warning:  #69-D: integer conversion resulted in truncation
main.c(123): warning:  #69-D: integer conversion resulted in truncation
main.c(124): warning:  #69-D: integer conversion resulted in truncation
main.c(124): warning:  #69-D: integer conversion resulted in truncation
main.c(124): warning:  #69-D: integer conversion resulted in truncation
main.c(124): warning:  #69-D: integer conversion resulted in truncation
main.c(129): error:  #247: function "main" has already been defined
    int main(void)
main.c: 32 warnings, 3 errors
".\Objects\dma.axf" - 3 Error(s), 32 Warning(s).

<h2>Collection of Component include folders:</h2>
  C:\Users\petr\Documents\STM32F10x\Keil_uV5\Nucleo103RB\DMA_new\RTE
  C:\Keil\MDK_ARM_V510\ARM\PACK\Keil\STM32F1xx_DFP\1.1.0\Device\Include

<h2>Collection of Component Files used:</h2>
Target not created.
