Archive member included to satisfy reference by file (symbol)

/opt/Atollic_TrueSTUDIO_for_ARM_x86_64_8.0.0/ARMTools/bin/../lib/gcc/arm-atollic-eabi/6.3.1/../../../../arm-atollic-eabi/lib/armv7e-m/fpu/libc_nano.a(lib_a-init.o)
                              src/startup_stm32f411xe.o (__libc_init_array)
/opt/Atollic_TrueSTUDIO_for_ARM_x86_64_8.0.0/ARMTools/bin/../lib/gcc/arm-atollic-eabi/6.3.1/../../../../arm-atollic-eabi/lib/armv7e-m/fpu/libc_nano.a(lib_a-strlen.o)
                              src/tiny_printf.o (strlen)
/opt/Atollic_TrueSTUDIO_for_ARM_x86_64_8.0.0/ARMTools/bin/../lib/gcc/arm-atollic-eabi/6.3.1/../../../../arm-atollic-eabi/lib/armv7e-m/fpu/libnosys.a(write.o)
                              src/tiny_printf.o (_write)
/opt/Atollic_TrueSTUDIO_for_ARM_x86_64_8.0.0/ARMTools/bin/../lib/gcc/arm-atollic-eabi/6.3.1/../../../../arm-atollic-eabi/lib/armv7e-m/fpu/libnosys.a(errno.o)
                              /opt/Atollic_TrueSTUDIO_for_ARM_x86_64_8.0.0/ARMTools/bin/../lib/gcc/arm-atollic-eabi/6.3.1/../../../../arm-atollic-eabi/lib/armv7e-m/fpu/libnosys.a(write.o) (errno)

Allocating common symbols
Common symbol       size              file

errno               0x4               /opt/Atollic_TrueSTUDIO_for_ARM_x86_64_8.0.0/ARMTools/bin/../lib/gcc/arm-atollic-eabi/6.3.1/../../../../arm-atollic-eabi/lib/armv7e-m/fpu/libnosys.a(errno.o)

Discarded input sections

 .text          0x0000000000000000        0x0 /opt/Atollic_TrueSTUDIO_for_ARM_x86_64_8.0.0/ARMTools/bin/../lib/gcc/arm-atollic-eabi/6.3.1/armv7e-m/fpu/crti.o
 .data          0x0000000000000000        0x0 /opt/Atollic_TrueSTUDIO_for_ARM_x86_64_8.0.0/ARMTools/bin/../lib/gcc/arm-atollic-eabi/6.3.1/armv7e-m/fpu/crti.o
 .bss           0x0000000000000000        0x0 /opt/Atollic_TrueSTUDIO_for_ARM_x86_64_8.0.0/ARMTools/bin/../lib/gcc/arm-atollic-eabi/6.3.1/armv7e-m/fpu/crti.o
 .data          0x0000000000000000        0x4 /opt/Atollic_TrueSTUDIO_for_ARM_x86_64_8.0.0/ARMTools/bin/../lib/gcc/arm-atollic-eabi/6.3.1/armv7e-m/fpu/crtbegin.o
 .text          0x0000000000000000        0x0 src/main.o
 .data          0x0000000000000000        0x0 src/main.o
 .bss           0x0000000000000000        0x0 src/main.o
 .text          0x0000000000000000       0x14 src/startup_stm32f411xe.o
 .data          0x0000000000000000        0x0 src/startup_stm32f411xe.o
 .bss           0x0000000000000000        0x0 src/startup_stm32f411xe.o
 .text          0x0000000000000000        0x0 src/stm_core.o
 .data          0x0000000000000000        0x0 src/stm_core.o
 .bss           0x0000000000000000        0x0 src/stm_core.o
 .text.GPIORead
                0x0000000000000000       0x2e src/stm_core.o
 .text.GPIOWrite
                0x0000000000000000       0x3c src/stm_core.o
 .text          0x0000000000000000        0x0 src/system_stm32f4xx.o
 .data          0x0000000000000000        0x0 src/system_stm32f4xx.o
 .bss           0x0000000000000000        0x0 src/system_stm32f4xx.o
 .text          0x0000000000000000        0x0 src/tiny_printf.o
 .data          0x0000000000000000        0x0 src/tiny_printf.o
 .bss           0x0000000000000000        0x0 src/tiny_printf.o
 .text.ts_itoa  0x0000000000000000       0x92 src/tiny_printf.o
 .text.ts_formatstring
                0x0000000000000000      0x12e src/tiny_printf.o
 .text.ts_formatlength
                0x0000000000000000      0x12c src/tiny_printf.o
 .text.siprintf
                0x0000000000000000       0x2c src/tiny_printf.o
 .text.fiprintf
                0x0000000000000000       0x9a src/tiny_printf.o
 .text.iprintf  0x0000000000000000       0x92 src/tiny_printf.o
 .rodata        0x0000000000000000        0x2 src/tiny_printf.o
 .text.fputs    0x0000000000000000       0x68 src/tiny_printf.o
 .text.puts     0x0000000000000000       0x58 src/tiny_printf.o
 .text.fwrite   0x0000000000000000       0x38 src/tiny_printf.o
 .debug_info    0x0000000000000000      0xc78 src/tiny_printf.o
 .debug_abbrev  0x0000000000000000      0x262 src/tiny_printf.o
 .debug_aranges
                0x0000000000000000       0x60 src/tiny_printf.o
 .debug_ranges  0x0000000000000000       0x50 src/tiny_printf.o
 .debug_line    0x0000000000000000      0x298 src/tiny_printf.o
 .debug_str     0x0000000000000000      0x683 src/tiny_printf.o
 .comment       0x0000000000000000       0x7d src/tiny_printf.o
 .debug_frame   0x0000000000000000      0x1bc src/tiny_printf.o
 .ARM.attributes
                0x0000000000000000       0x39 src/tiny_printf.o
 .text          0x0000000000000000        0x0 /opt/Atollic_TrueSTUDIO_for_ARM_x86_64_8.0.0/ARMTools/bin/../lib/gcc/arm-atollic-eabi/6.3.1/../../../../arm-atollic-eabi/lib/armv7e-m/fpu/libc_nano.a(lib_a-init.o)
 .data          0x0000000000000000        0x0 /opt/Atollic_TrueSTUDIO_for_ARM_x86_64_8.0.0/ARMTools/bin/../lib/gcc/arm-atollic-eabi/6.3.1/../../../../arm-atollic-eabi/lib/armv7e-m/fpu/libc_nano.a(lib_a-init.o)
 .bss           0x0000000000000000        0x0 /opt/Atollic_TrueSTUDIO_for_ARM_x86_64_8.0.0/ARMTools/bin/../lib/gcc/arm-atollic-eabi/6.3.1/../../../../arm-atollic-eabi/lib/armv7e-m/fpu/libc_nano.a(lib_a-init.o)
 .text          0x0000000000000000       0x10 /opt/Atollic_TrueSTUDIO_for_ARM_x86_64_8.0.0/ARMTools/bin/../lib/gcc/arm-atollic-eabi/6.3.1/../../../../arm-atollic-eabi/lib/armv7e-m/fpu/libc_nano.a(lib_a-strlen.o)
 .data          0x0000000000000000        0x0 /opt/Atollic_TrueSTUDIO_for_ARM_x86_64_8.0.0/ARMTools/bin/../lib/gcc/arm-atollic-eabi/6.3.1/../../../../arm-atollic-eabi/lib/armv7e-m/fpu/libc_nano.a(lib_a-strlen.o)
 .bss           0x0000000000000000        0x0 /opt/Atollic_TrueSTUDIO_for_ARM_x86_64_8.0.0/ARMTools/bin/../lib/gcc/arm-atollic-eabi/6.3.1/../../../../arm-atollic-eabi/lib/armv7e-m/fpu/libc_nano.a(lib_a-strlen.o)
 .ARM.attributes
                0x0000000000000000       0x1b /opt/Atollic_TrueSTUDIO_for_ARM_x86_64_8.0.0/ARMTools/bin/../lib/gcc/arm-atollic-eabi/6.3.1/../../../../arm-atollic-eabi/lib/armv7e-m/fpu/libc_nano.a(lib_a-strlen.o)
 .text          0x0000000000000000        0x0 /opt/Atollic_TrueSTUDIO_for_ARM_x86_64_8.0.0/ARMTools/bin/../lib/gcc/arm-atollic-eabi/6.3.1/../../../../arm-atollic-eabi/lib/armv7e-m/fpu/libnosys.a(write.o)
 .data          0x0000000000000000        0x0 /opt/Atollic_TrueSTUDIO_for_ARM_x86_64_8.0.0/ARMTools/bin/../lib/gcc/arm-atollic-eabi/6.3.1/../../../../arm-atollic-eabi/lib/armv7e-m/fpu/libnosys.a(write.o)
 .bss           0x0000000000000000        0x0 /opt/Atollic_TrueSTUDIO_for_ARM_x86_64_8.0.0/ARMTools/bin/../lib/gcc/arm-atollic-eabi/6.3.1/../../../../arm-atollic-eabi/lib/armv7e-m/fpu/libnosys.a(write.o)
 .stab          0x0000000000000000       0x24 /opt/Atollic_TrueSTUDIO_for_ARM_x86_64_8.0.0/ARMTools/bin/../lib/gcc/arm-atollic-eabi/6.3.1/../../../../arm-atollic-eabi/lib/armv7e-m/fpu/libnosys.a(write.o)
 .text._write   0x0000000000000000       0x10 /opt/Atollic_TrueSTUDIO_for_ARM_x86_64_8.0.0/ARMTools/bin/../lib/gcc/arm-atollic-eabi/6.3.1/../../../../arm-atollic-eabi/lib/armv7e-m/fpu/libnosys.a(write.o)
 .debug_frame   0x0000000000000000       0x20 /opt/Atollic_TrueSTUDIO_for_ARM_x86_64_8.0.0/ARMTools/bin/../lib/gcc/arm-atollic-eabi/6.3.1/../../../../arm-atollic-eabi/lib/armv7e-m/fpu/libnosys.a(write.o)
 .ARM.attributes
                0x0000000000000000       0x34 /opt/Atollic_TrueSTUDIO_for_ARM_x86_64_8.0.0/ARMTools/bin/../lib/gcc/arm-atollic-eabi/6.3.1/../../../../arm-atollic-eabi/lib/armv7e-m/fpu/libnosys.a(write.o)
 .text          0x0000000000000000        0x0 /opt/Atollic_TrueSTUDIO_for_ARM_x86_64_8.0.0/ARMTools/bin/../lib/gcc/arm-atollic-eabi/6.3.1/../../../../arm-atollic-eabi/lib/armv7e-m/fpu/libnosys.a(errno.o)
 .data          0x0000000000000000        0x0 /opt/Atollic_TrueSTUDIO_for_ARM_x86_64_8.0.0/ARMTools/bin/../lib/gcc/arm-atollic-eabi/6.3.1/../../../../arm-atollic-eabi/lib/armv7e-m/fpu/libnosys.a(errno.o)
 .bss           0x0000000000000000        0x0 /opt/Atollic_TrueSTUDIO_for_ARM_x86_64_8.0.0/ARMTools/bin/../lib/gcc/arm-atollic-eabi/6.3.1/../../../../arm-atollic-eabi/lib/armv7e-m/fpu/libnosys.a(errno.o)
 .ARM.attributes
                0x0000000000000000       0x34 /opt/Atollic_TrueSTUDIO_for_ARM_x86_64_8.0.0/ARMTools/bin/../lib/gcc/arm-atollic-eabi/6.3.1/../../../../arm-atollic-eabi/lib/armv7e-m/fpu/libnosys.a(errno.o)
 COMMON         0x0000000000000000        0x4 /opt/Atollic_TrueSTUDIO_for_ARM_x86_64_8.0.0/ARMTools/bin/../lib/gcc/arm-atollic-eabi/6.3.1/../../../../arm-atollic-eabi/lib/armv7e-m/fpu/libnosys.a(errno.o)
 .text          0x0000000000000000        0x0 /opt/Atollic_TrueSTUDIO_for_ARM_x86_64_8.0.0/ARMTools/bin/../lib/gcc/arm-atollic-eabi/6.3.1/armv7e-m/fpu/crtend.o
 .data          0x0000000000000000        0x0 /opt/Atollic_TrueSTUDIO_for_ARM_x86_64_8.0.0/ARMTools/bin/../lib/gcc/arm-atollic-eabi/6.3.1/armv7e-m/fpu/crtend.o
 .bss           0x0000000000000000        0x0 /opt/Atollic_TrueSTUDIO_for_ARM_x86_64_8.0.0/ARMTools/bin/../lib/gcc/arm-atollic-eabi/6.3.1/armv7e-m/fpu/crtend.o
 .eh_frame      0x0000000000000000        0x4 /opt/Atollic_TrueSTUDIO_for_ARM_x86_64_8.0.0/ARMTools/bin/../lib/gcc/arm-atollic-eabi/6.3.1/armv7e-m/fpu/crtend.o
 .ARM.attributes
                0x0000000000000000       0x34 /opt/Atollic_TrueSTUDIO_for_ARM_x86_64_8.0.0/ARMTools/bin/../lib/gcc/arm-atollic-eabi/6.3.1/armv7e-m/fpu/crtend.o
 .text          0x0000000000000000        0x0 /opt/Atollic_TrueSTUDIO_for_ARM_x86_64_8.0.0/ARMTools/bin/../lib/gcc/arm-atollic-eabi/6.3.1/armv7e-m/fpu/crtn.o
 .data          0x0000000000000000        0x0 /opt/Atollic_TrueSTUDIO_for_ARM_x86_64_8.0.0/ARMTools/bin/../lib/gcc/arm-atollic-eabi/6.3.1/armv7e-m/fpu/crtn.o
 .bss           0x0000000000000000        0x0 /opt/Atollic_TrueSTUDIO_for_ARM_x86_64_8.0.0/ARMTools/bin/../lib/gcc/arm-atollic-eabi/6.3.1/armv7e-m/fpu/crtn.o

Memory Configuration

Name             Origin             Length             Attributes
FLASH            0x0000000008000000 0x0000000000080000 xr
RAM              0x0000000020000000 0x0000000000020000 xrw
MEMORY_B1        0x0000000060000000 0x0000000000000000 xr
*default*        0x0000000000000000 0xffffffffffffffff

Linker script and memory map

LOAD /opt/Atollic_TrueSTUDIO_for_ARM_x86_64_8.0.0/ARMTools/bin/../lib/gcc/arm-atollic-eabi/6.3.1/armv7e-m/fpu/crti.o
LOAD /opt/Atollic_TrueSTUDIO_for_ARM_x86_64_8.0.0/ARMTools/bin/../lib/gcc/arm-atollic-eabi/6.3.1/armv7e-m/fpu/crtbegin.o
LOAD src/main.o
LOAD src/startup_stm32f411xe.o
LOAD src/stm_core.o
LOAD src/system_stm32f4xx.o
LOAD src/tiny_printf.o
                0x0000000000000080                malloc_getpagesize_P = 0x80
START GROUP
LOAD /opt/Atollic_TrueSTUDIO_for_ARM_x86_64_8.0.0/ARMTools/bin/../lib/gcc/arm-atollic-eabi/6.3.1/../../../../arm-atollic-eabi/lib/armv7e-m/fpu/libc_nano.a
LOAD /opt/Atollic_TrueSTUDIO_for_ARM_x86_64_8.0.0/ARMTools/bin/../lib/gcc/arm-atollic-eabi/6.3.1/../../../../arm-atollic-eabi/lib/armv7e-m/fpu/libm.a
END GROUP
START GROUP
LOAD /opt/Atollic_TrueSTUDIO_for_ARM_x86_64_8.0.0/ARMTools/bin/../lib/gcc/arm-atollic-eabi/6.3.1/armv7e-m/fpu/libgcc.a
LOAD /opt/Atollic_TrueSTUDIO_for_ARM_x86_64_8.0.0/ARMTools/bin/../lib/gcc/arm-atollic-eabi/6.3.1/../../../../arm-atollic-eabi/lib/armv7e-m/fpu/libc_nano.a
END GROUP
START GROUP
LOAD /opt/Atollic_TrueSTUDIO_for_ARM_x86_64_8.0.0/ARMTools/bin/../lib/gcc/arm-atollic-eabi/6.3.1/armv7e-m/fpu/libgcc.a
LOAD /opt/Atollic_TrueSTUDIO_for_ARM_x86_64_8.0.0/ARMTools/bin/../lib/gcc/arm-atollic-eabi/6.3.1/../../../../arm-atollic-eabi/lib/armv7e-m/fpu/libc_nano.a
LOAD /opt/Atollic_TrueSTUDIO_for_ARM_x86_64_8.0.0/ARMTools/bin/../lib/gcc/arm-atollic-eabi/6.3.1/../../../../arm-atollic-eabi/lib/armv7e-m/fpu/libnosys.a
END GROUP
START GROUP
LOAD /opt/Atollic_TrueSTUDIO_for_ARM_x86_64_8.0.0/ARMTools/bin/../lib/gcc/arm-atollic-eabi/6.3.1/armv7e-m/fpu/libgcc.a
LOAD /opt/Atollic_TrueSTUDIO_for_ARM_x86_64_8.0.0/ARMTools/bin/../lib/gcc/arm-atollic-eabi/6.3.1/../../../../arm-atollic-eabi/lib/armv7e-m/fpu/libc_nano.a
LOAD /opt/Atollic_TrueSTUDIO_for_ARM_x86_64_8.0.0/ARMTools/bin/../lib/gcc/arm-atollic-eabi/6.3.1/../../../../arm-atollic-eabi/lib/armv7e-m/fpu/libnosys.a
END GROUP
LOAD /opt/Atollic_TrueSTUDIO_for_ARM_x86_64_8.0.0/ARMTools/bin/../lib/gcc/arm-atollic-eabi/6.3.1/armv7e-m/fpu/crtend.o
LOAD /opt/Atollic_TrueSTUDIO_for_ARM_x86_64_8.0.0/ARMTools/bin/../lib/gcc/arm-atollic-eabi/6.3.1/armv7e-m/fpu/crtn.o
                0x0000000020020000                _estack = 0x20020000
                0x0000000000000000                _Min_Heap_Size = 0x0
                0x0000000000000400                _Min_Stack_Size = 0x400

.isr_vector     0x0000000008000000      0x198
                0x0000000008000000                . = ALIGN (0x4)
 *(.isr_vector)
 .isr_vector    0x0000000008000000      0x198 src/startup_stm32f411xe.o
                0x0000000008000000                g_pfnVectors
                0x0000000008000198                . = ALIGN (0x4)

.text           0x0000000008000198      0x6e8
                0x0000000008000198                . = ALIGN (0x4)
 *(.text)
 .text          0x0000000008000198       0x40 /opt/Atollic_TrueSTUDIO_for_ARM_x86_64_8.0.0/ARMTools/bin/../lib/gcc/arm-atollic-eabi/6.3.1/armv7e-m/fpu/crtbegin.o
 *(.text*)
 .text.NVIC_SetPriority
                0x00000000080001d8       0x54 src/main.o
 .text.SysTick_Config
                0x000000000800022c       0x44 src/main.o
 .text.SysTick_Handler
                0x0000000008000270       0x1c src/main.o
                0x0000000008000270                SysTick_Handler
 .text.main     0x000000000800028c       0xf4 src/main.o
                0x000000000800028c                main
 .text.Reset_Handler
                0x0000000008000380       0x50 src/startup_stm32f411xe.o
                0x0000000008000380                Reset_Handler
 .text.Default_Handler
                0x00000000080003d0        0x2 src/startup_stm32f411xe.o
                0x00000000080003d0                RTC_Alarm_IRQHandler
                0x00000000080003d0                EXTI2_IRQHandler
                0x00000000080003d0                DebugMon_Handler
                0x00000000080003d0                SPI4_IRQHandler
                0x00000000080003d0                TIM1_CC_IRQHandler
                0x00000000080003d0                DMA2_Stream5_IRQHandler
                0x00000000080003d0                HardFault_Handler
                0x00000000080003d0                DMA1_Stream5_IRQHandler
                0x00000000080003d0                PVD_IRQHandler
                0x00000000080003d0                SDIO_IRQHandler
                0x00000000080003d0                TAMP_STAMP_IRQHandler
                0x00000000080003d0                PendSV_Handler
                0x00000000080003d0                NMI_Handler
                0x00000000080003d0                EXTI3_IRQHandler
                0x00000000080003d0                TIM1_UP_TIM10_IRQHandler
                0x00000000080003d0                I2C3_ER_IRQHandler
                0x00000000080003d0                EXTI0_IRQHandler
                0x00000000080003d0                I2C2_EV_IRQHandler
                0x00000000080003d0                DMA1_Stream2_IRQHandler
                0x00000000080003d0                FPU_IRQHandler
                0x00000000080003d0                UsageFault_Handler
                0x00000000080003d0                DMA2_Stream2_IRQHandler
                0x00000000080003d0                SPI1_IRQHandler
                0x00000000080003d0                TIM1_BRK_TIM9_IRQHandler
                0x00000000080003d0                DMA2_Stream3_IRQHandler
                0x00000000080003d0                USART6_IRQHandler
                0x00000000080003d0                DMA2_Stream0_IRQHandler
                0x00000000080003d0                TIM4_IRQHandler
                0x00000000080003d0                I2C1_EV_IRQHandler
                0x00000000080003d0                DMA1_Stream6_IRQHandler
                0x00000000080003d0                DMA1_Stream1_IRQHandler
                0x00000000080003d0                TIM3_IRQHandler
                0x00000000080003d0                RCC_IRQHandler
                0x00000000080003d0                Default_Handler
                0x00000000080003d0                EXTI15_10_IRQHandler
                0x00000000080003d0                ADC_IRQHandler
                0x00000000080003d0                DMA1_Stream7_IRQHandler
                0x00000000080003d0                SPI5_IRQHandler
                0x00000000080003d0                TIM5_IRQHandler
                0x00000000080003d0                DMA2_Stream7_IRQHandler
                0x00000000080003d0                I2C3_EV_IRQHandler
                0x00000000080003d0                EXTI9_5_IRQHandler
                0x00000000080003d0                RTC_WKUP_IRQHandler
                0x00000000080003d0                SPI2_IRQHandler
                0x00000000080003d0                MemManage_Handler
                0x00000000080003d0                DMA1_Stream0_IRQHandler
                0x00000000080003d0                SVC_Handler
                0x00000000080003d0                EXTI4_IRQHandler
                0x00000000080003d0                WWDG_IRQHandler
                0x00000000080003d0                TIM2_IRQHandler
                0x00000000080003d0                OTG_FS_WKUP_IRQHandler
                0x00000000080003d0                TIM1_TRG_COM_TIM11_IRQHandler
                0x00000000080003d0                EXTI1_IRQHandler
                0x00000000080003d0                USART2_IRQHandler
                0x00000000080003d0                I2C2_ER_IRQHandler
                0x00000000080003d0                DMA2_Stream1_IRQHandler
                0x00000000080003d0                FLASH_IRQHandler
                0x00000000080003d0                DMA2_Stream4_IRQHandler
                0x00000000080003d0                BusFault_Handler
                0x00000000080003d0                USART1_IRQHandler
                0x00000000080003d0                OTG_FS_IRQHandler
                0x00000000080003d0                SPI3_IRQHandler
                0x00000000080003d0                DMA1_Stream4_IRQHandler
                0x00000000080003d0                I2C1_ER_IRQHandler
                0x00000000080003d0                DMA2_Stream6_IRQHandler
                0x00000000080003d0                DMA1_Stream3_IRQHandler
 *fill*         0x00000000080003d2        0x2 
 .text.Nucleo_SetPinGPIO
                0x00000000080003d4      0x2c4 src/stm_core.o
                0x00000000080003d4                Nucleo_SetPinGPIO
 .text.GPIOToggle
                0x0000000008000698       0x28 src/stm_core.o
                0x0000000008000698                GPIOToggle
 .text.SystemInit
                0x00000000080006c0       0x6c src/system_stm32f4xx.o
                0x00000000080006c0                SystemInit
 .text.SystemCoreClockUpdate
                0x000000000800072c       0xf4 src/system_stm32f4xx.o
                0x000000000800072c                SystemCoreClockUpdate
 .text.__libc_init_array
                0x0000000008000820       0x48 /opt/Atollic_TrueSTUDIO_for_ARM_x86_64_8.0.0/ARMTools/bin/../lib/gcc/arm-atollic-eabi/6.3.1/../../../../arm-atollic-eabi/lib/armv7e-m/fpu/libc_nano.a(lib_a-init.o)
                0x0000000008000820                __libc_init_array
 *(.glue_7)
 .glue_7        0x0000000008000868        0x0 linker stubs
 *(.glue_7t)
 .glue_7t       0x0000000008000868        0x0 linker stubs
 *(.eh_frame)
 .eh_frame      0x0000000008000868        0x0 /opt/Atollic_TrueSTUDIO_for_ARM_x86_64_8.0.0/ARMTools/bin/../lib/gcc/arm-atollic-eabi/6.3.1/armv7e-m/fpu/crtbegin.o
 *(.init)
 .init          0x0000000008000868        0x4 /opt/Atollic_TrueSTUDIO_for_ARM_x86_64_8.0.0/ARMTools/bin/../lib/gcc/arm-atollic-eabi/6.3.1/armv7e-m/fpu/crti.o
                0x0000000008000868                _init
 .init          0x000000000800086c        0x8 /opt/Atollic_TrueSTUDIO_for_ARM_x86_64_8.0.0/ARMTools/bin/../lib/gcc/arm-atollic-eabi/6.3.1/armv7e-m/fpu/crtn.o
 *(.fini)
 .fini          0x0000000008000874        0x4 /opt/Atollic_TrueSTUDIO_for_ARM_x86_64_8.0.0/ARMTools/bin/../lib/gcc/arm-atollic-eabi/6.3.1/armv7e-m/fpu/crti.o
                0x0000000008000874                _fini
 .fini          0x0000000008000878        0x8 /opt/Atollic_TrueSTUDIO_for_ARM_x86_64_8.0.0/ARMTools/bin/../lib/gcc/arm-atollic-eabi/6.3.1/armv7e-m/fpu/crtn.o
                0x0000000008000880                . = ALIGN (0x4)
                0x0000000008000880                _etext = .

.vfp11_veneer   0x0000000008000880        0x0
 .vfp11_veneer  0x0000000008000880        0x0 linker stubs

.v4_bx          0x0000000008000880        0x0
 .v4_bx         0x0000000008000880        0x0 linker stubs

.iplt           0x0000000008000880        0x0
 .iplt          0x0000000008000880        0x0 /opt/Atollic_TrueSTUDIO_for_ARM_x86_64_8.0.0/ARMTools/bin/../lib/gcc/arm-atollic-eabi/6.3.1/armv7e-m/fpu/crtbegin.o

.rodata         0x0000000008000880       0x10
                0x0000000008000880                . = ALIGN (0x4)
 *(.rodata)
 *(.rodata*)
 .rodata.AHBPrescTable
                0x0000000008000880       0x10 src/system_stm32f4xx.o
                0x0000000008000880                AHBPrescTable
                0x0000000008000890                . = ALIGN (0x4)

.rel.dyn        0x0000000008000890        0x0
 .rel.iplt      0x0000000008000890        0x0 /opt/Atollic_TrueSTUDIO_for_ARM_x86_64_8.0.0/ARMTools/bin/../lib/gcc/arm-atollic-eabi/6.3.1/armv7e-m/fpu/crtbegin.o

.ARM.extab
 *(.ARM.extab* .gnu.linkonce.armextab.*)

.ARM            0x0000000008000890        0x0
                0x0000000008000890                __exidx_start = .
 *(.ARM.exidx*)
                0x0000000008000890                __exidx_end = .

.preinit_array  0x0000000008000890        0x0
                0x0000000008000890                PROVIDE (__preinit_array_start, .)
 *(.preinit_array*)
                0x0000000008000890                PROVIDE (__preinit_array_end, .)

.init_array     0x0000000008000890        0x4
                0x0000000008000890                PROVIDE (__init_array_start, .)
 *(SORT(.init_array.*))
 *(.init_array*)
 .init_array    0x0000000008000890        0x4 /opt/Atollic_TrueSTUDIO_for_ARM_x86_64_8.0.0/ARMTools/bin/../lib/gcc/arm-atollic-eabi/6.3.1/armv7e-m/fpu/crtbegin.o
                0x0000000008000894                PROVIDE (__init_array_end, .)

.fini_array     0x0000000008000894        0x4
                [!provide]                        PROVIDE (__fini_array_start, .)
 *(SORT(.fini_array.*))
 *(.fini_array*)
 .fini_array    0x0000000008000894        0x4 /opt/Atollic_TrueSTUDIO_for_ARM_x86_64_8.0.0/ARMTools/bin/../lib/gcc/arm-atollic-eabi/6.3.1/armv7e-m/fpu/crtbegin.o
                [!provide]                        PROVIDE (__fini_array_end, .)
                0x0000000008000898                _sidata = LOADADDR (.data)

.data           0x0000000020000000        0x4 load address 0x0000000008000898
                0x0000000020000000                . = ALIGN (0x4)
                0x0000000020000000                _sdata = .
 *(.data)
 *(.data*)
 .data.SystemCoreClock
                0x0000000020000000        0x4 src/system_stm32f4xx.o
                0x0000000020000000                SystemCoreClock
                0x0000000020000004                . = ALIGN (0x4)
                0x0000000020000004                _edata = .

.igot.plt       0x0000000020000004        0x0 load address 0x000000000800089c
 .igot.plt      0x0000000020000004        0x0 /opt/Atollic_TrueSTUDIO_for_ARM_x86_64_8.0.0/ARMTools/bin/../lib/gcc/arm-atollic-eabi/6.3.1/armv7e-m/fpu/crtbegin.o
                0x0000000020000004                . = ALIGN (0x4)

.bss            0x0000000020000004       0x20 load address 0x000000000800089c
                0x0000000020000004                _sbss = .
                0x0000000020000004                __bss_start__ = _sbss
 *(.bss)
 .bss           0x0000000020000004       0x1c /opt/Atollic_TrueSTUDIO_for_ARM_x86_64_8.0.0/ARMTools/bin/../lib/gcc/arm-atollic-eabi/6.3.1/armv7e-m/fpu/crtbegin.o
 *(.bss*)
 .bss._ticks    0x0000000020000020        0x4 src/main.o
                0x0000000020000020                _ticks
 *(COMMON)
                0x0000000020000024                . = ALIGN (0x4)
                0x0000000020000024                _ebss = .
                0x0000000020000024                __bss_end__ = _ebss

._user_heap_stack
                0x0000000020000024      0x400 load address 0x000000000800089c
                0x0000000020000024                . = ALIGN (0x4)
                [!provide]                        PROVIDE (end, .)
                [!provide]                        PROVIDE (_end, .)
                0x0000000020000024                . = (. + _Min_Heap_Size)
                0x0000000020000424                . = (. + _Min_Stack_Size)
 *fill*         0x0000000020000024      0x400 
                0x0000000020000424                . = ALIGN (0x4)

.memory_b1_text
 *(.mb1text)
 *(.mb1text*)
 *(.mb1rodata)
 *(.mb1rodata*)

/DISCARD/
 libc.a(*)
 libm.a(*)
 libgcc.a(*)

.ARM.attributes
                0x0000000000000000       0x30
 *(.ARM.attributes)
 .ARM.attributes
                0x0000000000000000       0x22 /opt/Atollic_TrueSTUDIO_for_ARM_x86_64_8.0.0/ARMTools/bin/../lib/gcc/arm-atollic-eabi/6.3.1/armv7e-m/fpu/crti.o
 .ARM.attributes
                0x0000000000000022       0x34 /opt/Atollic_TrueSTUDIO_for_ARM_x86_64_8.0.0/ARMTools/bin/../lib/gcc/arm-atollic-eabi/6.3.1/armv7e-m/fpu/crtbegin.o
 .ARM.attributes
                0x0000000000000056       0x39 src/main.o
 .ARM.attributes
                0x000000000000008f       0x21 src/startup_stm32f411xe.o
 .ARM.attributes
                0x00000000000000b0       0x39 src/stm_core.o
 .ARM.attributes
                0x00000000000000e9       0x39 src/system_stm32f4xx.o
 .ARM.attributes
                0x0000000000000122       0x34 /opt/Atollic_TrueSTUDIO_for_ARM_x86_64_8.0.0/ARMTools/bin/../lib/gcc/arm-atollic-eabi/6.3.1/../../../../arm-atollic-eabi/lib/armv7e-m/fpu/libc_nano.a(lib_a-init.o)
 .ARM.attributes
                0x0000000000000156       0x22 /opt/Atollic_TrueSTUDIO_for_ARM_x86_64_8.0.0/ARMTools/bin/../lib/gcc/arm-atollic-eabi/6.3.1/armv7e-m/fpu/crtn.o
OUTPUT(SysTick.elf elf32-littlearm)

.debug_info     0x0000000000000000     0x1385
 .debug_info    0x0000000000000000      0x9e5 src/main.o
 .debug_info    0x00000000000009e5       0x72 src/startup_stm32f411xe.o
 .debug_info    0x0000000000000a57      0x464 src/stm_core.o
 .debug_info    0x0000000000000ebb      0x4ca src/system_stm32f4xx.o

.debug_abbrev   0x0000000000000000      0x403
 .debug_abbrev  0x0000000000000000      0x199 src/main.o
 .debug_abbrev  0x0000000000000199       0x12 src/startup_stm32f411xe.o
 .debug_abbrev  0x00000000000001ab      0x139 src/stm_core.o
 .debug_abbrev  0x00000000000002e4      0x11f src/system_stm32f4xx.o

.debug_aranges  0x0000000000000000       0xc0
 .debug_aranges
                0x0000000000000000       0x38 src/main.o
 .debug_aranges
                0x0000000000000038       0x28 src/startup_stm32f411xe.o
 .debug_aranges
                0x0000000000000060       0x38 src/stm_core.o
 .debug_aranges
                0x0000000000000098       0x28 src/system_stm32f4xx.o

.debug_ranges   0x0000000000000000       0x88
 .debug_ranges  0x0000000000000000       0x28 src/main.o
 .debug_ranges  0x0000000000000028       0x20 src/startup_stm32f411xe.o
 .debug_ranges  0x0000000000000048       0x28 src/stm_core.o
 .debug_ranges  0x0000000000000070       0x18 src/system_stm32f4xx.o

.debug_line     0x0000000000000000      0x64d
 .debug_line    0x0000000000000000      0x1ed src/main.o
 .debug_line    0x00000000000001ed       0x7b src/startup_stm32f411xe.o
 .debug_line    0x0000000000000268      0x226 src/stm_core.o
 .debug_line    0x000000000000048e      0x1bf src/system_stm32f4xx.o

.debug_str      0x0000000000000000      0x900
 .debug_str     0x0000000000000000      0x81d src/main.o
                                        0x87a (size before relaxing)
 .debug_str     0x000000000000081d       0x7f src/stm_core.o
                                        0x3f1 (size before relaxing)
 .debug_str     0x000000000000089c       0x64 src/system_stm32f4xx.o
                                        0x38e (size before relaxing)

.comment        0x0000000000000000       0x7c
 .comment       0x0000000000000000       0x7c src/main.o
                                         0x7d (size before relaxing)
 .comment       0x000000000000007c       0x7d src/stm_core.o
 .comment       0x000000000000007c       0x7d src/system_stm32f4xx.o

.debug_frame    0x0000000000000000      0x1d0
 .debug_frame   0x0000000000000000       0x9c src/main.o
 .debug_frame   0x000000000000009c       0xb0 src/stm_core.o
 .debug_frame   0x000000000000014c       0x58 src/system_stm32f4xx.o
 .debug_frame   0x00000000000001a4       0x2c /opt/Atollic_TrueSTUDIO_for_ARM_x86_64_8.0.0/ARMTools/bin/../lib/gcc/arm-atollic-eabi/6.3.1/../../../../arm-atollic-eabi/lib/armv7e-m/fpu/libc_nano.a(lib_a-init.o)

.stabstr        0x0000000000000000       0x3f
 .stabstr       0x0000000000000000       0x3f /opt/Atollic_TrueSTUDIO_for_ARM_x86_64_8.0.0/ARMTools/bin/../lib/gcc/arm-atollic-eabi/6.3.1/../../../../arm-atollic-eabi/lib/armv7e-m/fpu/libnosys.a(write.o)

Cross Reference Table

Symbol                                            File
ADC_IRQHandler                                    src/startup_stm32f411xe.o
AHBPrescTable                                     src/system_stm32f4xx.o
BusFault_Handler                                  src/startup_stm32f411xe.o
DMA1_Stream0_IRQHandler                           src/startup_stm32f411xe.o
DMA1_Stream1_IRQHandler                           src/startup_stm32f411xe.o
DMA1_Stream2_IRQHandler                           src/startup_stm32f411xe.o
DMA1_Stream3_IRQHandler                           src/startup_stm32f411xe.o
DMA1_Stream4_IRQHandler                           src/startup_stm32f411xe.o
DMA1_Stream5_IRQHandler                           src/startup_stm32f411xe.o
DMA1_Stream6_IRQHandler                           src/startup_stm32f411xe.o
DMA1_Stream7_IRQHandler                           src/startup_stm32f411xe.o
DMA2_Stream0_IRQHandler                           src/startup_stm32f411xe.o
DMA2_Stream1_IRQHandler                           src/startup_stm32f411xe.o
DMA2_Stream2_IRQHandler                           src/startup_stm32f411xe.o
DMA2_Stream3_IRQHandler                           src/startup_stm32f411xe.o
DMA2_Stream4_IRQHandler                           src/startup_stm32f411xe.o
DMA2_Stream5_IRQHandler                           src/startup_stm32f411xe.o
DMA2_Stream6_IRQHandler                           src/startup_stm32f411xe.o
DMA2_Stream7_IRQHandler                           src/startup_stm32f411xe.o
DebugMon_Handler                                  src/startup_stm32f411xe.o
Default_Handler                                   src/startup_stm32f411xe.o
EXTI0_IRQHandler                                  src/startup_stm32f411xe.o
EXTI15_10_IRQHandler                              src/startup_stm32f411xe.o
EXTI1_IRQHandler                                  src/startup_stm32f411xe.o
EXTI2_IRQHandler                                  src/startup_stm32f411xe.o
EXTI3_IRQHandler                                  src/startup_stm32f411xe.o
EXTI4_IRQHandler                                  src/startup_stm32f411xe.o
EXTI9_5_IRQHandler                                src/startup_stm32f411xe.o
FLASH_IRQHandler                                  src/startup_stm32f411xe.o
FPU_IRQHandler                                    src/startup_stm32f411xe.o
GPIORead                                          src/stm_core.o
GPIOToggle                                        src/stm_core.o
                                                  src/main.o
GPIOWrite                                         src/stm_core.o
HardFault_Handler                                 src/startup_stm32f411xe.o
I2C1_ER_IRQHandler                                src/startup_stm32f411xe.o
I2C1_EV_IRQHandler                                src/startup_stm32f411xe.o
I2C2_ER_IRQHandler                                src/startup_stm32f411xe.o
I2C2_EV_IRQHandler                                src/startup_stm32f411xe.o
I2C3_ER_IRQHandler                                src/startup_stm32f411xe.o
I2C3_EV_IRQHandler                                src/startup_stm32f411xe.o
MemManage_Handler                                 src/startup_stm32f411xe.o
NMI_Handler                                       src/startup_stm32f411xe.o
Nucleo_SetPinGPIO                                 src/stm_core.o
                                                  src/main.o
OTG_FS_IRQHandler                                 src/startup_stm32f411xe.o
OTG_FS_WKUP_IRQHandler                            src/startup_stm32f411xe.o
PVD_IRQHandler                                    src/startup_stm32f411xe.o
PendSV_Handler                                    src/startup_stm32f411xe.o
RCC_IRQHandler                                    src/startup_stm32f411xe.o
RTC_Alarm_IRQHandler                              src/startup_stm32f411xe.o
RTC_WKUP_IRQHandler                               src/startup_stm32f411xe.o
Reset_Handler                                     src/startup_stm32f411xe.o
SDIO_IRQHandler                                   src/startup_stm32f411xe.o
SPI1_IRQHandler                                   src/startup_stm32f411xe.o
SPI2_IRQHandler                                   src/startup_stm32f411xe.o
SPI3_IRQHandler                                   src/startup_stm32f411xe.o
SPI4_IRQHandler                                   src/startup_stm32f411xe.o
SPI5_IRQHandler                                   src/startup_stm32f411xe.o
SVC_Handler                                       src/startup_stm32f411xe.o
SysTick_Handler                                   src/main.o
SystemCoreClock                                   src/system_stm32f4xx.o
                                                  src/main.o
SystemCoreClockUpdate                             src/system_stm32f4xx.o
                                                  src/main.o
SystemInit                                        src/system_stm32f4xx.o
                                                  src/startup_stm32f411xe.o
TAMP_STAMP_IRQHandler                             src/startup_stm32f411xe.o
TIM1_BRK_TIM9_IRQHandler                          src/startup_stm32f411xe.o
TIM1_CC_IRQHandler                                src/startup_stm32f411xe.o
TIM1_TRG_COM_TIM11_IRQHandler                     src/startup_stm32f411xe.o
TIM1_UP_TIM10_IRQHandler                          src/startup_stm32f411xe.o
TIM2_IRQHandler                                   src/startup_stm32f411xe.o
TIM3_IRQHandler                                   src/startup_stm32f411xe.o
TIM4_IRQHandler                                   src/startup_stm32f411xe.o
TIM5_IRQHandler                                   src/startup_stm32f411xe.o
USART1_IRQHandler                                 src/startup_stm32f411xe.o
USART2_IRQHandler                                 src/startup_stm32f411xe.o
USART6_IRQHandler                                 src/startup_stm32f411xe.o
UsageFault_Handler                                src/startup_stm32f411xe.o
WWDG_IRQHandler                                   src/startup_stm32f411xe.o
__deregister_frame_info                           /opt/Atollic_TrueSTUDIO_for_ARM_x86_64_8.0.0/ARMTools/bin/../lib/gcc/arm-atollic-eabi/6.3.1/armv7e-m/fpu/crtbegin.o
__dso_handle                                      /opt/Atollic_TrueSTUDIO_for_ARM_x86_64_8.0.0/ARMTools/bin/../lib/gcc/arm-atollic-eabi/6.3.1/armv7e-m/fpu/crtbegin.o
__init_array_end                                  /opt/Atollic_TrueSTUDIO_for_ARM_x86_64_8.0.0/ARMTools/bin/../lib/gcc/arm-atollic-eabi/6.3.1/../../../../arm-atollic-eabi/lib/armv7e-m/fpu/libc_nano.a(lib_a-init.o)
__init_array_start                                /opt/Atollic_TrueSTUDIO_for_ARM_x86_64_8.0.0/ARMTools/bin/../lib/gcc/arm-atollic-eabi/6.3.1/../../../../arm-atollic-eabi/lib/armv7e-m/fpu/libc_nano.a(lib_a-init.o)
__libc_init_array                                 /opt/Atollic_TrueSTUDIO_for_ARM_x86_64_8.0.0/ARMTools/bin/../lib/gcc/arm-atollic-eabi/6.3.1/../../../../arm-atollic-eabi/lib/armv7e-m/fpu/libc_nano.a(lib_a-init.o)
                                                  src/startup_stm32f411xe.o
__preinit_array_end                               /opt/Atollic_TrueSTUDIO_for_ARM_x86_64_8.0.0/ARMTools/bin/../lib/gcc/arm-atollic-eabi/6.3.1/../../../../arm-atollic-eabi/lib/armv7e-m/fpu/libc_nano.a(lib_a-init.o)
__preinit_array_start                             /opt/Atollic_TrueSTUDIO_for_ARM_x86_64_8.0.0/ARMTools/bin/../lib/gcc/arm-atollic-eabi/6.3.1/../../../../arm-atollic-eabi/lib/armv7e-m/fpu/libc_nano.a(lib_a-init.o)
__register_frame_info                             /opt/Atollic_TrueSTUDIO_for_ARM_x86_64_8.0.0/ARMTools/bin/../lib/gcc/arm-atollic-eabi/6.3.1/armv7e-m/fpu/crtbegin.o
_ebss                                             src/startup_stm32f411xe.o
_edata                                            src/startup_stm32f411xe.o
_estack                                           src/startup_stm32f411xe.o
_fini                                             /opt/Atollic_TrueSTUDIO_for_ARM_x86_64_8.0.0/ARMTools/bin/../lib/gcc/arm-atollic-eabi/6.3.1/armv7e-m/fpu/crti.o
_init                                             /opt/Atollic_TrueSTUDIO_for_ARM_x86_64_8.0.0/ARMTools/bin/../lib/gcc/arm-atollic-eabi/6.3.1/armv7e-m/fpu/crti.o
                                                  /opt/Atollic_TrueSTUDIO_for_ARM_x86_64_8.0.0/ARMTools/bin/../lib/gcc/arm-atollic-eabi/6.3.1/../../../../arm-atollic-eabi/lib/armv7e-m/fpu/libc_nano.a(lib_a-init.o)
_sbss                                             src/startup_stm32f411xe.o
_sdata                                            src/startup_stm32f411xe.o
_sidata                                           src/startup_stm32f411xe.o
_ticks                                            src/main.o
_write                                            /opt/Atollic_TrueSTUDIO_for_ARM_x86_64_8.0.0/ARMTools/bin/../lib/gcc/arm-atollic-eabi/6.3.1/../../../../arm-atollic-eabi/lib/armv7e-m/fpu/libnosys.a(write.o)
                                                  src/tiny_printf.o
errno                                             /opt/Atollic_TrueSTUDIO_for_ARM_x86_64_8.0.0/ARMTools/bin/../lib/gcc/arm-atollic-eabi/6.3.1/../../../../arm-atollic-eabi/lib/armv7e-m/fpu/libnosys.a(errno.o)
                                                  /opt/Atollic_TrueSTUDIO_for_ARM_x86_64_8.0.0/ARMTools/bin/../lib/gcc/arm-atollic-eabi/6.3.1/../../../../arm-atollic-eabi/lib/armv7e-m/fpu/libnosys.a(write.o)
fiprintf                                          src/tiny_printf.o
fprintf                                           src/tiny_printf.o
fputs                                             src/tiny_printf.o
fwrite                                            src/tiny_printf.o
g_pfnVectors                                      src/startup_stm32f411xe.o
iprintf                                           src/tiny_printf.o
main                                              src/main.o
                                                  src/startup_stm32f411xe.o
printf                                            src/tiny_printf.o
puts                                              src/tiny_printf.o
siprintf                                          src/tiny_printf.o
sprintf                                           src/tiny_printf.o
strlen                                            /opt/Atollic_TrueSTUDIO_for_ARM_x86_64_8.0.0/ARMTools/bin/../lib/gcc/arm-atollic-eabi/6.3.1/../../../../arm-atollic-eabi/lib/armv7e-m/fpu/libc_nano.a(lib_a-strlen.o)
                                                  src/tiny_printf.o
ts_formatlength                                   src/tiny_printf.o
ts_formatstring                                   src/tiny_printf.o
ts_itoa                                           src/tiny_printf.o
