Archive member included to satisfy reference by file (symbol)

/opt/Atollic_TrueSTUDIO_for_ARM_x86_64_8.0.0/ARMTools/bin/../lib/gcc/arm-atollic-eabi/6.3.1/../../../../arm-atollic-eabi/lib/armv7e-m/fpu/libc_nano.a(lib_a-init.o)
                              src/startup_stm32f411xe.o (__libc_init_array)
/opt/Atollic_TrueSTUDIO_for_ARM_x86_64_8.0.0/ARMTools/bin/../lib/gcc/arm-atollic-eabi/6.3.1/../../../../arm-atollic-eabi/lib/armv7e-m/fpu/libc_nano.a(lib_a-reent.o)
                              src/syscalls.o (errno)
/opt/Atollic_TrueSTUDIO_for_ARM_x86_64_8.0.0/ARMTools/bin/../lib/gcc/arm-atollic-eabi/6.3.1/../../../../arm-atollic-eabi/lib/armv7e-m/fpu/libc_nano.a(lib_a-strlen.o)
                              src/tiny_printf.o (strlen)
/opt/Atollic_TrueSTUDIO_for_ARM_x86_64_8.0.0/ARMTools/bin/../lib/gcc/arm-atollic-eabi/6.3.1/../../../../arm-atollic-eabi/lib/armv7e-m/fpu/libc_nano.a(lib_a-impure.o)
                              /opt/Atollic_TrueSTUDIO_for_ARM_x86_64_8.0.0/ARMTools/bin/../lib/gcc/arm-atollic-eabi/6.3.1/../../../../arm-atollic-eabi/lib/armv7e-m/fpu/libc_nano.a(lib_a-reent.o) (_impure_ptr)
/opt/Atollic_TrueSTUDIO_for_ARM_x86_64_8.0.0/ARMTools/bin/../lib/gcc/arm-atollic-eabi/6.3.1/../../../../arm-atollic-eabi/lib/armv7e-m/fpu/libc_nano.a(lib_a-nano-freer.o)
                              /opt/Atollic_TrueSTUDIO_for_ARM_x86_64_8.0.0/ARMTools/bin/../lib/gcc/arm-atollic-eabi/6.3.1/../../../../arm-atollic-eabi/lib/armv7e-m/fpu/libc_nano.a(lib_a-reent.o) (_free_r)
/opt/Atollic_TrueSTUDIO_for_ARM_x86_64_8.0.0/ARMTools/bin/../lib/gcc/arm-atollic-eabi/6.3.1/../../../../arm-atollic-eabi/lib/armv7e-m/fpu/libc_nano.a(lib_a-nano-mallocr.o)
                              /opt/Atollic_TrueSTUDIO_for_ARM_x86_64_8.0.0/ARMTools/bin/../lib/gcc/arm-atollic-eabi/6.3.1/../../../../arm-atollic-eabi/lib/armv7e-m/fpu/libc_nano.a(lib_a-nano-freer.o) (__malloc_free_list)
/opt/Atollic_TrueSTUDIO_for_ARM_x86_64_8.0.0/ARMTools/bin/../lib/gcc/arm-atollic-eabi/6.3.1/../../../../arm-atollic-eabi/lib/armv7e-m/fpu/libc_nano.a(lib_a-sbrkr.o)
                              /opt/Atollic_TrueSTUDIO_for_ARM_x86_64_8.0.0/ARMTools/bin/../lib/gcc/arm-atollic-eabi/6.3.1/../../../../arm-atollic-eabi/lib/armv7e-m/fpu/libc_nano.a(lib_a-nano-mallocr.o) (_sbrk_r)
/opt/Atollic_TrueSTUDIO_for_ARM_x86_64_8.0.0/ARMTools/bin/../lib/gcc/arm-atollic-eabi/6.3.1/../../../../arm-atollic-eabi/lib/armv7e-m/fpu/libc_nano.a(lib_a-mlock.o)
                              /opt/Atollic_TrueSTUDIO_for_ARM_x86_64_8.0.0/ARMTools/bin/../lib/gcc/arm-atollic-eabi/6.3.1/../../../../arm-atollic-eabi/lib/armv7e-m/fpu/libc_nano.a(lib_a-nano-freer.o) (__malloc_lock)

Allocating common symbols
Common symbol       size              file

errno               0x4               /opt/Atollic_TrueSTUDIO_for_ARM_x86_64_8.0.0/ARMTools/bin/../lib/gcc/arm-atollic-eabi/6.3.1/../../../../arm-atollic-eabi/lib/armv7e-m/fpu/libc_nano.a(lib_a-reent.o)

Discarded input sections

 .text          0x0000000000000000        0x0 /opt/Atollic_TrueSTUDIO_for_ARM_x86_64_8.0.0/ARMTools/bin/../lib/gcc/arm-atollic-eabi/6.3.1/armv7e-m/fpu/crti.o
 .data          0x0000000000000000        0x0 /opt/Atollic_TrueSTUDIO_for_ARM_x86_64_8.0.0/ARMTools/bin/../lib/gcc/arm-atollic-eabi/6.3.1/armv7e-m/fpu/crti.o
 .bss           0x0000000000000000        0x0 /opt/Atollic_TrueSTUDIO_for_ARM_x86_64_8.0.0/ARMTools/bin/../lib/gcc/arm-atollic-eabi/6.3.1/armv7e-m/fpu/crti.o
 .data          0x0000000000000000        0x4 /opt/Atollic_TrueSTUDIO_for_ARM_x86_64_8.0.0/ARMTools/bin/../lib/gcc/arm-atollic-eabi/6.3.1/armv7e-m/fpu/crtbegin.o
 .text          0x0000000000000000        0x0 src/main.o
 .data          0x0000000000000000        0x0 src/main.o
 .bss           0x0000000000000000        0x0 src/main.o
 .text          0x0000000000000000       0x14 src/startup_stm32f411xe.o
 .data          0x0000000000000000        0x0 src/startup_stm32f411xe.o
 .bss           0x0000000000000000        0x0 src/startup_stm32f411xe.o
 .text          0x0000000000000000        0x0 src/stm_core.o
 .data          0x0000000000000000        0x0 src/stm_core.o
 .bss           0x0000000000000000        0x0 src/stm_core.o
 .text.GPIOToggle
                0x0000000000000000       0x28 src/stm_core.o
 .text          0x0000000000000000        0x0 src/syscalls.o
 .data          0x0000000000000000        0x0 src/syscalls.o
 .bss           0x0000000000000000        0x0 src/syscalls.o
 .bss.__env     0x0000000000000000        0x4 src/syscalls.o
 .data.environ  0x0000000000000000        0x4 src/syscalls.o
 .text.initialise_monitor_handles
                0x0000000000000000        0xe src/syscalls.o
 .text._getpid  0x0000000000000000       0x1c src/syscalls.o
 .text._gettimeofday
                0x0000000000000000       0x24 src/syscalls.o
 .text._kill    0x0000000000000000       0x24 src/syscalls.o
 .text._exit    0x0000000000000000        0xa src/syscalls.o
 .text._write   0x0000000000000000       0x28 src/syscalls.o
 .text._sbrk    0x0000000000000000       0x40 src/syscalls.o
 .text._close   0x0000000000000000       0x24 src/syscalls.o
 .text._fstat   0x0000000000000000       0x24 src/syscalls.o
 .text._isatty  0x0000000000000000       0x20 src/syscalls.o
 .text._lseek   0x0000000000000000       0x28 src/syscalls.o
 .text._read    0x0000000000000000       0x28 src/syscalls.o
 .text._readlink
                0x0000000000000000       0x28 src/syscalls.o
 .text._open    0x0000000000000000       0x28 src/syscalls.o
 .text._wait    0x0000000000000000       0x24 src/syscalls.o
 .text._unlink  0x0000000000000000       0x24 src/syscalls.o
 .text._times   0x0000000000000000       0x24 src/syscalls.o
 .text._stat    0x0000000000000000       0x24 src/syscalls.o
 .text._symlink
                0x0000000000000000       0x24 src/syscalls.o
 .text._link    0x0000000000000000       0x24 src/syscalls.o
 .text._fork    0x0000000000000000       0x1c src/syscalls.o
 .text._execve  0x0000000000000000       0x28 src/syscalls.o
 .bss.heap_end.7012
                0x0000000000000000        0x4 src/syscalls.o
 .debug_info    0x0000000000000000     0x103c src/syscalls.o
 .debug_abbrev  0x0000000000000000      0x225 src/syscalls.o
 .debug_aranges
                0x0000000000000000       0xc8 src/syscalls.o
 .debug_ranges  0x0000000000000000       0xb8 src/syscalls.o
 .debug_line    0x0000000000000000      0x3c7 src/syscalls.o
 .debug_str     0x0000000000000000      0x8f5 src/syscalls.o
 .comment       0x0000000000000000       0x7d src/syscalls.o
 .debug_frame   0x0000000000000000      0x35c src/syscalls.o
 .ARM.attributes
                0x0000000000000000       0x39 src/syscalls.o
 .text          0x0000000000000000        0x0 src/system_stm32f4xx.o
 .data          0x0000000000000000        0x0 src/system_stm32f4xx.o
 .bss           0x0000000000000000        0x0 src/system_stm32f4xx.o
 .data.SystemCoreClock
                0x0000000000000000        0x4 src/system_stm32f4xx.o
 .rodata.AHBPrescTable
                0x0000000000000000       0x10 src/system_stm32f4xx.o
 .text.SystemCoreClockUpdate
                0x0000000000000000       0xf4 src/system_stm32f4xx.o
 .text          0x0000000000000000        0x0 src/tiny_printf.o
 .data          0x0000000000000000        0x0 src/tiny_printf.o
 .bss           0x0000000000000000        0x0 src/tiny_printf.o
 .text.ts_itoa  0x0000000000000000       0x92 src/tiny_printf.o
 .text.ts_formatstring
                0x0000000000000000      0x12e src/tiny_printf.o
 .text.ts_formatlength
                0x0000000000000000      0x12c src/tiny_printf.o
 .text.siprintf
                0x0000000000000000       0x2c src/tiny_printf.o
 .text.fiprintf
                0x0000000000000000       0x9a src/tiny_printf.o
 .text.iprintf  0x0000000000000000       0x92 src/tiny_printf.o
 .rodata        0x0000000000000000        0x2 src/tiny_printf.o
 .text.fputs    0x0000000000000000       0x68 src/tiny_printf.o
 .text.puts     0x0000000000000000       0x58 src/tiny_printf.o
 .text.fwrite   0x0000000000000000       0x38 src/tiny_printf.o
 .debug_info    0x0000000000000000      0xc78 src/tiny_printf.o
 .debug_abbrev  0x0000000000000000      0x262 src/tiny_printf.o
 .debug_aranges
                0x0000000000000000       0x60 src/tiny_printf.o
 .debug_ranges  0x0000000000000000       0x50 src/tiny_printf.o
 .debug_line    0x0000000000000000      0x298 src/tiny_printf.o
 .debug_str     0x0000000000000000      0x68d src/tiny_printf.o
 .comment       0x0000000000000000       0x7d src/tiny_printf.o
 .debug_frame   0x0000000000000000      0x1bc src/tiny_printf.o
 .ARM.attributes
                0x0000000000000000       0x39 src/tiny_printf.o
 .text          0x0000000000000000        0x0 /opt/Atollic_TrueSTUDIO_for_ARM_x86_64_8.0.0/ARMTools/bin/../lib/gcc/arm-atollic-eabi/6.3.1/../../../../arm-atollic-eabi/lib/armv7e-m/fpu/libc_nano.a(lib_a-init.o)
 .data          0x0000000000000000        0x0 /opt/Atollic_TrueSTUDIO_for_ARM_x86_64_8.0.0/ARMTools/bin/../lib/gcc/arm-atollic-eabi/6.3.1/../../../../arm-atollic-eabi/lib/armv7e-m/fpu/libc_nano.a(lib_a-init.o)
 .bss           0x0000000000000000        0x0 /opt/Atollic_TrueSTUDIO_for_ARM_x86_64_8.0.0/ARMTools/bin/../lib/gcc/arm-atollic-eabi/6.3.1/../../../../arm-atollic-eabi/lib/armv7e-m/fpu/libc_nano.a(lib_a-init.o)
 .text          0x0000000000000000        0x0 /opt/Atollic_TrueSTUDIO_for_ARM_x86_64_8.0.0/ARMTools/bin/../lib/gcc/arm-atollic-eabi/6.3.1/../../../../arm-atollic-eabi/lib/armv7e-m/fpu/libc_nano.a(lib_a-reent.o)
 .data          0x0000000000000000        0x0 /opt/Atollic_TrueSTUDIO_for_ARM_x86_64_8.0.0/ARMTools/bin/../lib/gcc/arm-atollic-eabi/6.3.1/../../../../arm-atollic-eabi/lib/armv7e-m/fpu/libc_nano.a(lib_a-reent.o)
 .bss           0x0000000000000000        0x0 /opt/Atollic_TrueSTUDIO_for_ARM_x86_64_8.0.0/ARMTools/bin/../lib/gcc/arm-atollic-eabi/6.3.1/../../../../arm-atollic-eabi/lib/armv7e-m/fpu/libc_nano.a(lib_a-reent.o)
 .text.cleanup_glue
                0x0000000000000000       0x1a /opt/Atollic_TrueSTUDIO_for_ARM_x86_64_8.0.0/ARMTools/bin/../lib/gcc/arm-atollic-eabi/6.3.1/../../../../arm-atollic-eabi/lib/armv7e-m/fpu/libc_nano.a(lib_a-reent.o)
 .text._reclaim_reent
                0x0000000000000000       0xb8 /opt/Atollic_TrueSTUDIO_for_ARM_x86_64_8.0.0/ARMTools/bin/../lib/gcc/arm-atollic-eabi/6.3.1/../../../../arm-atollic-eabi/lib/armv7e-m/fpu/libc_nano.a(lib_a-reent.o)
 .debug_frame   0x0000000000000000       0x5c /opt/Atollic_TrueSTUDIO_for_ARM_x86_64_8.0.0/ARMTools/bin/../lib/gcc/arm-atollic-eabi/6.3.1/../../../../arm-atollic-eabi/lib/armv7e-m/fpu/libc_nano.a(lib_a-reent.o)
 .ARM.attributes
                0x0000000000000000       0x34 /opt/Atollic_TrueSTUDIO_for_ARM_x86_64_8.0.0/ARMTools/bin/../lib/gcc/arm-atollic-eabi/6.3.1/../../../../arm-atollic-eabi/lib/armv7e-m/fpu/libc_nano.a(lib_a-reent.o)
 COMMON         0x0000000000000000        0x4 /opt/Atollic_TrueSTUDIO_for_ARM_x86_64_8.0.0/ARMTools/bin/../lib/gcc/arm-atollic-eabi/6.3.1/../../../../arm-atollic-eabi/lib/armv7e-m/fpu/libc_nano.a(lib_a-reent.o)
 .text          0x0000000000000000       0x10 /opt/Atollic_TrueSTUDIO_for_ARM_x86_64_8.0.0/ARMTools/bin/../lib/gcc/arm-atollic-eabi/6.3.1/../../../../arm-atollic-eabi/lib/armv7e-m/fpu/libc_nano.a(lib_a-strlen.o)
 .data          0x0000000000000000        0x0 /opt/Atollic_TrueSTUDIO_for_ARM_x86_64_8.0.0/ARMTools/bin/../lib/gcc/arm-atollic-eabi/6.3.1/../../../../arm-atollic-eabi/lib/armv7e-m/fpu/libc_nano.a(lib_a-strlen.o)
 .bss           0x0000000000000000        0x0 /opt/Atollic_TrueSTUDIO_for_ARM_x86_64_8.0.0/ARMTools/bin/../lib/gcc/arm-atollic-eabi/6.3.1/../../../../arm-atollic-eabi/lib/armv7e-m/fpu/libc_nano.a(lib_a-strlen.o)
 .ARM.attributes
                0x0000000000000000       0x1b /opt/Atollic_TrueSTUDIO_for_ARM_x86_64_8.0.0/ARMTools/bin/../lib/gcc/arm-atollic-eabi/6.3.1/../../../../arm-atollic-eabi/lib/armv7e-m/fpu/libc_nano.a(lib_a-strlen.o)
 .text          0x0000000000000000        0x0 /opt/Atollic_TrueSTUDIO_for_ARM_x86_64_8.0.0/ARMTools/bin/../lib/gcc/arm-atollic-eabi/6.3.1/../../../../arm-atollic-eabi/lib/armv7e-m/fpu/libc_nano.a(lib_a-impure.o)
 .data          0x0000000000000000        0x0 /opt/Atollic_TrueSTUDIO_for_ARM_x86_64_8.0.0/ARMTools/bin/../lib/gcc/arm-atollic-eabi/6.3.1/../../../../arm-atollic-eabi/lib/armv7e-m/fpu/libc_nano.a(lib_a-impure.o)
 .bss           0x0000000000000000        0x0 /opt/Atollic_TrueSTUDIO_for_ARM_x86_64_8.0.0/ARMTools/bin/../lib/gcc/arm-atollic-eabi/6.3.1/../../../../arm-atollic-eabi/lib/armv7e-m/fpu/libc_nano.a(lib_a-impure.o)
 .data._impure_ptr
                0x0000000000000000        0x4 /opt/Atollic_TrueSTUDIO_for_ARM_x86_64_8.0.0/ARMTools/bin/../lib/gcc/arm-atollic-eabi/6.3.1/../../../../arm-atollic-eabi/lib/armv7e-m/fpu/libc_nano.a(lib_a-impure.o)
 .data.impure_data
                0x0000000000000000       0x60 /opt/Atollic_TrueSTUDIO_for_ARM_x86_64_8.0.0/ARMTools/bin/../lib/gcc/arm-atollic-eabi/6.3.1/../../../../arm-atollic-eabi/lib/armv7e-m/fpu/libc_nano.a(lib_a-impure.o)
 .rodata._global_impure_ptr
                0x0000000000000000        0x4 /opt/Atollic_TrueSTUDIO_for_ARM_x86_64_8.0.0/ARMTools/bin/../lib/gcc/arm-atollic-eabi/6.3.1/../../../../arm-atollic-eabi/lib/armv7e-m/fpu/libc_nano.a(lib_a-impure.o)
 .ARM.attributes
                0x0000000000000000       0x34 /opt/Atollic_TrueSTUDIO_for_ARM_x86_64_8.0.0/ARMTools/bin/../lib/gcc/arm-atollic-eabi/6.3.1/../../../../arm-atollic-eabi/lib/armv7e-m/fpu/libc_nano.a(lib_a-impure.o)
 .text          0x0000000000000000        0x0 /opt/Atollic_TrueSTUDIO_for_ARM_x86_64_8.0.0/ARMTools/bin/../lib/gcc/arm-atollic-eabi/6.3.1/../../../../arm-atollic-eabi/lib/armv7e-m/fpu/libc_nano.a(lib_a-nano-freer.o)
 .data          0x0000000000000000        0x0 /opt/Atollic_TrueSTUDIO_for_ARM_x86_64_8.0.0/ARMTools/bin/../lib/gcc/arm-atollic-eabi/6.3.1/../../../../arm-atollic-eabi/lib/armv7e-m/fpu/libc_nano.a(lib_a-nano-freer.o)
 .bss           0x0000000000000000        0x0 /opt/Atollic_TrueSTUDIO_for_ARM_x86_64_8.0.0/ARMTools/bin/../lib/gcc/arm-atollic-eabi/6.3.1/../../../../arm-atollic-eabi/lib/armv7e-m/fpu/libc_nano.a(lib_a-nano-freer.o)
 .text._free_r  0x0000000000000000       0x9c /opt/Atollic_TrueSTUDIO_for_ARM_x86_64_8.0.0/ARMTools/bin/../lib/gcc/arm-atollic-eabi/6.3.1/../../../../arm-atollic-eabi/lib/armv7e-m/fpu/libc_nano.a(lib_a-nano-freer.o)
 .debug_frame   0x0000000000000000       0x38 /opt/Atollic_TrueSTUDIO_for_ARM_x86_64_8.0.0/ARMTools/bin/../lib/gcc/arm-atollic-eabi/6.3.1/../../../../arm-atollic-eabi/lib/armv7e-m/fpu/libc_nano.a(lib_a-nano-freer.o)
 .ARM.attributes
                0x0000000000000000       0x34 /opt/Atollic_TrueSTUDIO_for_ARM_x86_64_8.0.0/ARMTools/bin/../lib/gcc/arm-atollic-eabi/6.3.1/../../../../arm-atollic-eabi/lib/armv7e-m/fpu/libc_nano.a(lib_a-nano-freer.o)
 .text          0x0000000000000000        0x0 /opt/Atollic_TrueSTUDIO_for_ARM_x86_64_8.0.0/ARMTools/bin/../lib/gcc/arm-atollic-eabi/6.3.1/../../../../arm-atollic-eabi/lib/armv7e-m/fpu/libc_nano.a(lib_a-nano-mallocr.o)
 .data          0x0000000000000000        0x0 /opt/Atollic_TrueSTUDIO_for_ARM_x86_64_8.0.0/ARMTools/bin/../lib/gcc/arm-atollic-eabi/6.3.1/../../../../arm-atollic-eabi/lib/armv7e-m/fpu/libc_nano.a(lib_a-nano-mallocr.o)
 .bss           0x0000000000000000        0x0 /opt/Atollic_TrueSTUDIO_for_ARM_x86_64_8.0.0/ARMTools/bin/../lib/gcc/arm-atollic-eabi/6.3.1/../../../../arm-atollic-eabi/lib/armv7e-m/fpu/libc_nano.a(lib_a-nano-mallocr.o)
 .text._malloc_r
                0x0000000000000000       0xbc /opt/Atollic_TrueSTUDIO_for_ARM_x86_64_8.0.0/ARMTools/bin/../lib/gcc/arm-atollic-eabi/6.3.1/../../../../arm-atollic-eabi/lib/armv7e-m/fpu/libc_nano.a(lib_a-nano-mallocr.o)
 .bss.__malloc_free_list
                0x0000000000000000        0x4 /opt/Atollic_TrueSTUDIO_for_ARM_x86_64_8.0.0/ARMTools/bin/../lib/gcc/arm-atollic-eabi/6.3.1/../../../../arm-atollic-eabi/lib/armv7e-m/fpu/libc_nano.a(lib_a-nano-mallocr.o)
 .bss.__malloc_sbrk_start
                0x0000000000000000        0x4 /opt/Atollic_TrueSTUDIO_for_ARM_x86_64_8.0.0/ARMTools/bin/../lib/gcc/arm-atollic-eabi/6.3.1/../../../../arm-atollic-eabi/lib/armv7e-m/fpu/libc_nano.a(lib_a-nano-mallocr.o)
 .debug_frame   0x0000000000000000       0x2c /opt/Atollic_TrueSTUDIO_for_ARM_x86_64_8.0.0/ARMTools/bin/../lib/gcc/arm-atollic-eabi/6.3.1/../../../../arm-atollic-eabi/lib/armv7e-m/fpu/libc_nano.a(lib_a-nano-mallocr.o)
 .ARM.attributes
                0x0000000000000000       0x34 /opt/Atollic_TrueSTUDIO_for_ARM_x86_64_8.0.0/ARMTools/bin/../lib/gcc/arm-atollic-eabi/6.3.1/../../../../arm-atollic-eabi/lib/armv7e-m/fpu/libc_nano.a(lib_a-nano-mallocr.o)
 .text          0x0000000000000000        0x0 /opt/Atollic_TrueSTUDIO_for_ARM_x86_64_8.0.0/ARMTools/bin/../lib/gcc/arm-atollic-eabi/6.3.1/../../../../arm-atollic-eabi/lib/armv7e-m/fpu/libc_nano.a(lib_a-sbrkr.o)
 .data          0x0000000000000000        0x0 /opt/Atollic_TrueSTUDIO_for_ARM_x86_64_8.0.0/ARMTools/bin/../lib/gcc/arm-atollic-eabi/6.3.1/../../../../arm-atollic-eabi/lib/armv7e-m/fpu/libc_nano.a(lib_a-sbrkr.o)
 .bss           0x0000000000000000        0x0 /opt/Atollic_TrueSTUDIO_for_ARM_x86_64_8.0.0/ARMTools/bin/../lib/gcc/arm-atollic-eabi/6.3.1/../../../../arm-atollic-eabi/lib/armv7e-m/fpu/libc_nano.a(lib_a-sbrkr.o)
 .text._sbrk_r  0x0000000000000000       0x20 /opt/Atollic_TrueSTUDIO_for_ARM_x86_64_8.0.0/ARMTools/bin/../lib/gcc/arm-atollic-eabi/6.3.1/../../../../arm-atollic-eabi/lib/armv7e-m/fpu/libc_nano.a(lib_a-sbrkr.o)
 .debug_frame   0x0000000000000000       0x2c /opt/Atollic_TrueSTUDIO_for_ARM_x86_64_8.0.0/ARMTools/bin/../lib/gcc/arm-atollic-eabi/6.3.1/../../../../arm-atollic-eabi/lib/armv7e-m/fpu/libc_nano.a(lib_a-sbrkr.o)
 .ARM.attributes
                0x0000000000000000       0x34 /opt/Atollic_TrueSTUDIO_for_ARM_x86_64_8.0.0/ARMTools/bin/../lib/gcc/arm-atollic-eabi/6.3.1/../../../../arm-atollic-eabi/lib/armv7e-m/fpu/libc_nano.a(lib_a-sbrkr.o)
 .text          0x0000000000000000        0x0 /opt/Atollic_TrueSTUDIO_for_ARM_x86_64_8.0.0/ARMTools/bin/../lib/gcc/arm-atollic-eabi/6.3.1/../../../../arm-atollic-eabi/lib/armv7e-m/fpu/libc_nano.a(lib_a-mlock.o)
 .data          0x0000000000000000        0x0 /opt/Atollic_TrueSTUDIO_for_ARM_x86_64_8.0.0/ARMTools/bin/../lib/gcc/arm-atollic-eabi/6.3.1/../../../../arm-atollic-eabi/lib/armv7e-m/fpu/libc_nano.a(lib_a-mlock.o)
 .bss           0x0000000000000000        0x0 /opt/Atollic_TrueSTUDIO_for_ARM_x86_64_8.0.0/ARMTools/bin/../lib/gcc/arm-atollic-eabi/6.3.1/../../../../arm-atollic-eabi/lib/armv7e-m/fpu/libc_nano.a(lib_a-mlock.o)
 .text.__malloc_lock
                0x0000000000000000        0x2 /opt/Atollic_TrueSTUDIO_for_ARM_x86_64_8.0.0/ARMTools/bin/../lib/gcc/arm-atollic-eabi/6.3.1/../../../../arm-atollic-eabi/lib/armv7e-m/fpu/libc_nano.a(lib_a-mlock.o)
 .text.__malloc_unlock
                0x0000000000000000        0x2 /opt/Atollic_TrueSTUDIO_for_ARM_x86_64_8.0.0/ARMTools/bin/../lib/gcc/arm-atollic-eabi/6.3.1/../../../../arm-atollic-eabi/lib/armv7e-m/fpu/libc_nano.a(lib_a-mlock.o)
 .debug_frame   0x0000000000000000       0x30 /opt/Atollic_TrueSTUDIO_for_ARM_x86_64_8.0.0/ARMTools/bin/../lib/gcc/arm-atollic-eabi/6.3.1/../../../../arm-atollic-eabi/lib/armv7e-m/fpu/libc_nano.a(lib_a-mlock.o)
 .ARM.attributes
                0x0000000000000000       0x34 /opt/Atollic_TrueSTUDIO_for_ARM_x86_64_8.0.0/ARMTools/bin/../lib/gcc/arm-atollic-eabi/6.3.1/../../../../arm-atollic-eabi/lib/armv7e-m/fpu/libc_nano.a(lib_a-mlock.o)
 .text          0x0000000000000000        0x0 /opt/Atollic_TrueSTUDIO_for_ARM_x86_64_8.0.0/ARMTools/bin/../lib/gcc/arm-atollic-eabi/6.3.1/armv7e-m/fpu/crtend.o
 .data          0x0000000000000000        0x0 /opt/Atollic_TrueSTUDIO_for_ARM_x86_64_8.0.0/ARMTools/bin/../lib/gcc/arm-atollic-eabi/6.3.1/armv7e-m/fpu/crtend.o
 .bss           0x0000000000000000        0x0 /opt/Atollic_TrueSTUDIO_for_ARM_x86_64_8.0.0/ARMTools/bin/../lib/gcc/arm-atollic-eabi/6.3.1/armv7e-m/fpu/crtend.o
 .eh_frame      0x0000000000000000        0x4 /opt/Atollic_TrueSTUDIO_for_ARM_x86_64_8.0.0/ARMTools/bin/../lib/gcc/arm-atollic-eabi/6.3.1/armv7e-m/fpu/crtend.o
 .ARM.attributes
                0x0000000000000000       0x34 /opt/Atollic_TrueSTUDIO_for_ARM_x86_64_8.0.0/ARMTools/bin/../lib/gcc/arm-atollic-eabi/6.3.1/armv7e-m/fpu/crtend.o
 .text          0x0000000000000000        0x0 /opt/Atollic_TrueSTUDIO_for_ARM_x86_64_8.0.0/ARMTools/bin/../lib/gcc/arm-atollic-eabi/6.3.1/armv7e-m/fpu/crtn.o
 .data          0x0000000000000000        0x0 /opt/Atollic_TrueSTUDIO_for_ARM_x86_64_8.0.0/ARMTools/bin/../lib/gcc/arm-atollic-eabi/6.3.1/armv7e-m/fpu/crtn.o
 .bss           0x0000000000000000        0x0 /opt/Atollic_TrueSTUDIO_for_ARM_x86_64_8.0.0/ARMTools/bin/../lib/gcc/arm-atollic-eabi/6.3.1/armv7e-m/fpu/crtn.o

Memory Configuration

Name             Origin             Length             Attributes
FLASH            0x0000000008000000 0x0000000000080000 xr
RAM              0x0000000020000000 0x0000000000020000 xrw
MEMORY_B1        0x0000000060000000 0x0000000000000000 xr
*default*        0x0000000000000000 0xffffffffffffffff

Linker script and memory map

LOAD /opt/Atollic_TrueSTUDIO_for_ARM_x86_64_8.0.0/ARMTools/bin/../lib/gcc/arm-atollic-eabi/6.3.1/armv7e-m/fpu/crti.o
LOAD /opt/Atollic_TrueSTUDIO_for_ARM_x86_64_8.0.0/ARMTools/bin/../lib/gcc/arm-atollic-eabi/6.3.1/armv7e-m/fpu/crtbegin.o
LOAD src/main.o
LOAD src/startup_stm32f411xe.o
LOAD src/stm_core.o
LOAD src/syscalls.o
LOAD src/system_stm32f4xx.o
LOAD src/tiny_printf.o
                0x0000000000000080                malloc_getpagesize_P = 0x80
START GROUP
LOAD /opt/Atollic_TrueSTUDIO_for_ARM_x86_64_8.0.0/ARMTools/bin/../lib/gcc/arm-atollic-eabi/6.3.1/../../../../arm-atollic-eabi/lib/armv7e-m/fpu/libc_nano.a
LOAD /opt/Atollic_TrueSTUDIO_for_ARM_x86_64_8.0.0/ARMTools/bin/../lib/gcc/arm-atollic-eabi/6.3.1/../../../../arm-atollic-eabi/lib/armv7e-m/fpu/libm.a
END GROUP
START GROUP
LOAD /opt/Atollic_TrueSTUDIO_for_ARM_x86_64_8.0.0/ARMTools/bin/../lib/gcc/arm-atollic-eabi/6.3.1/armv7e-m/fpu/libgcc.a
LOAD /opt/Atollic_TrueSTUDIO_for_ARM_x86_64_8.0.0/ARMTools/bin/../lib/gcc/arm-atollic-eabi/6.3.1/../../../../arm-atollic-eabi/lib/armv7e-m/fpu/libc_nano.a
END GROUP
START GROUP
LOAD /opt/Atollic_TrueSTUDIO_for_ARM_x86_64_8.0.0/ARMTools/bin/../lib/gcc/arm-atollic-eabi/6.3.1/armv7e-m/fpu/libgcc.a
LOAD /opt/Atollic_TrueSTUDIO_for_ARM_x86_64_8.0.0/ARMTools/bin/../lib/gcc/arm-atollic-eabi/6.3.1/../../../../arm-atollic-eabi/lib/armv7e-m/fpu/libc_nano.a
LOAD /opt/Atollic_TrueSTUDIO_for_ARM_x86_64_8.0.0/ARMTools/bin/../lib/gcc/arm-atollic-eabi/6.3.1/../../../../arm-atollic-eabi/lib/armv7e-m/fpu/libnosys.a
END GROUP
START GROUP
LOAD /opt/Atollic_TrueSTUDIO_for_ARM_x86_64_8.0.0/ARMTools/bin/../lib/gcc/arm-atollic-eabi/6.3.1/armv7e-m/fpu/libgcc.a
LOAD /opt/Atollic_TrueSTUDIO_for_ARM_x86_64_8.0.0/ARMTools/bin/../lib/gcc/arm-atollic-eabi/6.3.1/../../../../arm-atollic-eabi/lib/armv7e-m/fpu/libc_nano.a
LOAD /opt/Atollic_TrueSTUDIO_for_ARM_x86_64_8.0.0/ARMTools/bin/../lib/gcc/arm-atollic-eabi/6.3.1/../../../../arm-atollic-eabi/lib/armv7e-m/fpu/libnosys.a
END GROUP
LOAD /opt/Atollic_TrueSTUDIO_for_ARM_x86_64_8.0.0/ARMTools/bin/../lib/gcc/arm-atollic-eabi/6.3.1/armv7e-m/fpu/crtend.o
LOAD /opt/Atollic_TrueSTUDIO_for_ARM_x86_64_8.0.0/ARMTools/bin/../lib/gcc/arm-atollic-eabi/6.3.1/armv7e-m/fpu/crtn.o
                0x0000000020020000                _estack = 0x20020000
                0x0000000000000000                _Min_Heap_Size = 0x0
                0x0000000000000400                _Min_Stack_Size = 0x400

.isr_vector     0x0000000008000000      0x198
                0x0000000008000000                . = ALIGN (0x4)
 *(.isr_vector)
 .isr_vector    0x0000000008000000      0x198 src/startup_stm32f411xe.o
                0x0000000008000000                g_pfnVectors
                0x0000000008000198                . = ALIGN (0x4)

.text           0x0000000008000198      0x604
                0x0000000008000198                . = ALIGN (0x4)
 *(.text)
 .text          0x0000000008000198       0x40 /opt/Atollic_TrueSTUDIO_for_ARM_x86_64_8.0.0/ARMTools/bin/../lib/gcc/arm-atollic-eabi/6.3.1/armv7e-m/fpu/crtbegin.o
 *(.text*)
 .text.main     0x00000000080001d8      0x174 src/main.o
                0x00000000080001d8                main
 .text.Reset_Handler
                0x000000000800034c       0x50 src/startup_stm32f411xe.o
                0x000000000800034c                Reset_Handler
 .text.Default_Handler
                0x000000000800039c        0x2 src/startup_stm32f411xe.o
                0x000000000800039c                RTC_Alarm_IRQHandler
                0x000000000800039c                EXTI2_IRQHandler
                0x000000000800039c                DebugMon_Handler
                0x000000000800039c                SPI4_IRQHandler
                0x000000000800039c                TIM1_CC_IRQHandler
                0x000000000800039c                DMA2_Stream5_IRQHandler
                0x000000000800039c                HardFault_Handler
                0x000000000800039c                DMA1_Stream5_IRQHandler
                0x000000000800039c                SysTick_Handler
                0x000000000800039c                PVD_IRQHandler
                0x000000000800039c                SDIO_IRQHandler
                0x000000000800039c                TAMP_STAMP_IRQHandler
                0x000000000800039c                PendSV_Handler
                0x000000000800039c                NMI_Handler
                0x000000000800039c                EXTI3_IRQHandler
                0x000000000800039c                TIM1_UP_TIM10_IRQHandler
                0x000000000800039c                I2C3_ER_IRQHandler
                0x000000000800039c                EXTI0_IRQHandler
                0x000000000800039c                I2C2_EV_IRQHandler
                0x000000000800039c                DMA1_Stream2_IRQHandler
                0x000000000800039c                FPU_IRQHandler
                0x000000000800039c                UsageFault_Handler
                0x000000000800039c                DMA2_Stream2_IRQHandler
                0x000000000800039c                SPI1_IRQHandler
                0x000000000800039c                TIM1_BRK_TIM9_IRQHandler
                0x000000000800039c                DMA2_Stream3_IRQHandler
                0x000000000800039c                USART6_IRQHandler
                0x000000000800039c                DMA2_Stream0_IRQHandler
                0x000000000800039c                TIM4_IRQHandler
                0x000000000800039c                I2C1_EV_IRQHandler
                0x000000000800039c                DMA1_Stream6_IRQHandler
                0x000000000800039c                DMA1_Stream1_IRQHandler
                0x000000000800039c                TIM3_IRQHandler
                0x000000000800039c                RCC_IRQHandler
                0x000000000800039c                Default_Handler
                0x000000000800039c                EXTI15_10_IRQHandler
                0x000000000800039c                ADC_IRQHandler
                0x000000000800039c                DMA1_Stream7_IRQHandler
                0x000000000800039c                SPI5_IRQHandler
                0x000000000800039c                TIM5_IRQHandler
                0x000000000800039c                DMA2_Stream7_IRQHandler
                0x000000000800039c                I2C3_EV_IRQHandler
                0x000000000800039c                EXTI9_5_IRQHandler
                0x000000000800039c                RTC_WKUP_IRQHandler
                0x000000000800039c                SPI2_IRQHandler
                0x000000000800039c                MemManage_Handler
                0x000000000800039c                DMA1_Stream0_IRQHandler
                0x000000000800039c                SVC_Handler
                0x000000000800039c                EXTI4_IRQHandler
                0x000000000800039c                WWDG_IRQHandler
                0x000000000800039c                TIM2_IRQHandler
                0x000000000800039c                OTG_FS_WKUP_IRQHandler
                0x000000000800039c                TIM1_TRG_COM_TIM11_IRQHandler
                0x000000000800039c                EXTI1_IRQHandler
                0x000000000800039c                USART2_IRQHandler
                0x000000000800039c                I2C2_ER_IRQHandler
                0x000000000800039c                DMA2_Stream1_IRQHandler
                0x000000000800039c                FLASH_IRQHandler
                0x000000000800039c                DMA2_Stream4_IRQHandler
                0x000000000800039c                BusFault_Handler
                0x000000000800039c                USART1_IRQHandler
                0x000000000800039c                OTG_FS_IRQHandler
                0x000000000800039c                SPI3_IRQHandler
                0x000000000800039c                DMA1_Stream4_IRQHandler
                0x000000000800039c                I2C1_ER_IRQHandler
                0x000000000800039c                DMA2_Stream6_IRQHandler
                0x000000000800039c                DMA1_Stream3_IRQHandler
 *fill*         0x000000000800039e        0x2 
 .text.Nucleo_SetPinGPIO
                0x00000000080003a0      0x2c4 src/stm_core.o
                0x00000000080003a0                Nucleo_SetPinGPIO
 .text.GPIORead
                0x0000000008000664       0x2e src/stm_core.o
                0x0000000008000664                GPIORead
 .text.GPIOWrite
                0x0000000008000692       0x3c src/stm_core.o
                0x0000000008000692                GPIOWrite
 *fill*         0x00000000080006ce        0x2 
 .text.SystemInit
                0x00000000080006d0       0x6c src/system_stm32f4xx.o
                0x00000000080006d0                SystemInit
 .text.__libc_init_array
                0x000000000800073c       0x48 /opt/Atollic_TrueSTUDIO_for_ARM_x86_64_8.0.0/ARMTools/bin/../lib/gcc/arm-atollic-eabi/6.3.1/../../../../arm-atollic-eabi/lib/armv7e-m/fpu/libc_nano.a(lib_a-init.o)
                0x000000000800073c                __libc_init_array
 *(.glue_7)
 .glue_7        0x0000000008000784        0x0 linker stubs
 *(.glue_7t)
 .glue_7t       0x0000000008000784        0x0 linker stubs
 *(.eh_frame)
 .eh_frame      0x0000000008000784        0x0 /opt/Atollic_TrueSTUDIO_for_ARM_x86_64_8.0.0/ARMTools/bin/../lib/gcc/arm-atollic-eabi/6.3.1/armv7e-m/fpu/crtbegin.o
 *(.init)
 .init          0x0000000008000784        0x4 /opt/Atollic_TrueSTUDIO_for_ARM_x86_64_8.0.0/ARMTools/bin/../lib/gcc/arm-atollic-eabi/6.3.1/armv7e-m/fpu/crti.o
                0x0000000008000784                _init
 .init          0x0000000008000788        0x8 /opt/Atollic_TrueSTUDIO_for_ARM_x86_64_8.0.0/ARMTools/bin/../lib/gcc/arm-atollic-eabi/6.3.1/armv7e-m/fpu/crtn.o
 *(.fini)
 .fini          0x0000000008000790        0x4 /opt/Atollic_TrueSTUDIO_for_ARM_x86_64_8.0.0/ARMTools/bin/../lib/gcc/arm-atollic-eabi/6.3.1/armv7e-m/fpu/crti.o
                0x0000000008000790                _fini
 .fini          0x0000000008000794        0x8 /opt/Atollic_TrueSTUDIO_for_ARM_x86_64_8.0.0/ARMTools/bin/../lib/gcc/arm-atollic-eabi/6.3.1/armv7e-m/fpu/crtn.o
                0x000000000800079c                . = ALIGN (0x4)
                0x000000000800079c                _etext = .

.vfp11_veneer   0x000000000800079c        0x0
 .vfp11_veneer  0x000000000800079c        0x0 linker stubs

.v4_bx          0x000000000800079c        0x0
 .v4_bx         0x000000000800079c        0x0 linker stubs

.iplt           0x000000000800079c        0x0
 .iplt          0x000000000800079c        0x0 /opt/Atollic_TrueSTUDIO_for_ARM_x86_64_8.0.0/ARMTools/bin/../lib/gcc/arm-atollic-eabi/6.3.1/armv7e-m/fpu/crtbegin.o

.rel.dyn        0x000000000800079c        0x0
 .rel.iplt      0x000000000800079c        0x0 /opt/Atollic_TrueSTUDIO_for_ARM_x86_64_8.0.0/ARMTools/bin/../lib/gcc/arm-atollic-eabi/6.3.1/armv7e-m/fpu/crtbegin.o

.rodata         0x000000000800079c        0x0
                0x000000000800079c                . = ALIGN (0x4)
 *(.rodata)
 *(.rodata*)
                0x000000000800079c                . = ALIGN (0x4)

.ARM.extab
 *(.ARM.extab* .gnu.linkonce.armextab.*)

.ARM            0x000000000800079c        0x0
                0x000000000800079c                __exidx_start = .
 *(.ARM.exidx*)
                0x000000000800079c                __exidx_end = .

.preinit_array  0x000000000800079c        0x0
                0x000000000800079c                PROVIDE (__preinit_array_start, .)
 *(.preinit_array*)
                0x000000000800079c                PROVIDE (__preinit_array_end, .)

.init_array     0x000000000800079c        0x4
                0x000000000800079c                PROVIDE (__init_array_start, .)
 *(SORT(.init_array.*))
 *(.init_array*)
 .init_array    0x000000000800079c        0x4 /opt/Atollic_TrueSTUDIO_for_ARM_x86_64_8.0.0/ARMTools/bin/../lib/gcc/arm-atollic-eabi/6.3.1/armv7e-m/fpu/crtbegin.o
                0x00000000080007a0                PROVIDE (__init_array_end, .)

.fini_array     0x00000000080007a0        0x4
                [!provide]                        PROVIDE (__fini_array_start, .)
 *(SORT(.fini_array.*))
 *(.fini_array*)
 .fini_array    0x00000000080007a0        0x4 /opt/Atollic_TrueSTUDIO_for_ARM_x86_64_8.0.0/ARMTools/bin/../lib/gcc/arm-atollic-eabi/6.3.1/armv7e-m/fpu/crtbegin.o
                [!provide]                        PROVIDE (__fini_array_end, .)
                0x00000000080007a4                _sidata = LOADADDR (.data)

.data           0x0000000020000000        0x0 load address 0x00000000080007a4
                0x0000000020000000                . = ALIGN (0x4)
                0x0000000020000000                _sdata = .
 *(.data)
 *(.data*)
                0x0000000020000000                . = ALIGN (0x4)
                0x0000000020000000                _edata = .

.igot.plt       0x0000000020000000        0x0 load address 0x00000000080007a4
 .igot.plt      0x0000000020000000        0x0 /opt/Atollic_TrueSTUDIO_for_ARM_x86_64_8.0.0/ARMTools/bin/../lib/gcc/arm-atollic-eabi/6.3.1/armv7e-m/fpu/crtbegin.o
                0x0000000020000000                . = ALIGN (0x4)

.bss            0x0000000020000000       0x1c load address 0x00000000080007a4
                0x0000000020000000                _sbss = .
                0x0000000020000000                __bss_start__ = _sbss
 *(.bss)
 .bss           0x0000000020000000       0x1c /opt/Atollic_TrueSTUDIO_for_ARM_x86_64_8.0.0/ARMTools/bin/../lib/gcc/arm-atollic-eabi/6.3.1/armv7e-m/fpu/crtbegin.o
 *(.bss*)
 *(COMMON)
                0x000000002000001c                . = ALIGN (0x4)
                0x000000002000001c                _ebss = .
                0x000000002000001c                __bss_end__ = _ebss

._user_heap_stack
                0x000000002000001c      0x400 load address 0x00000000080007a4
                0x000000002000001c                . = ALIGN (0x4)
                0x000000002000001c                PROVIDE (end, .)
                [!provide]                        PROVIDE (_end, .)
                0x000000002000001c                . = (. + _Min_Heap_Size)
                0x000000002000041c                . = (. + _Min_Stack_Size)
 *fill*         0x000000002000001c      0x400 
                0x000000002000041c                . = ALIGN (0x4)

.memory_b1_text
 *(.mb1text)
 *(.mb1text*)
 *(.mb1rodata)
 *(.mb1rodata*)

/DISCARD/
 libc.a(*)
 libm.a(*)
 libgcc.a(*)

.ARM.attributes
                0x0000000000000000       0x30
 *(.ARM.attributes)
 .ARM.attributes
                0x0000000000000000       0x22 /opt/Atollic_TrueSTUDIO_for_ARM_x86_64_8.0.0/ARMTools/bin/../lib/gcc/arm-atollic-eabi/6.3.1/armv7e-m/fpu/crti.o
 .ARM.attributes
                0x0000000000000022       0x34 /opt/Atollic_TrueSTUDIO_for_ARM_x86_64_8.0.0/ARMTools/bin/../lib/gcc/arm-atollic-eabi/6.3.1/armv7e-m/fpu/crtbegin.o
 .ARM.attributes
                0x0000000000000056       0x39 src/main.o
 .ARM.attributes
                0x000000000000008f       0x21 src/startup_stm32f411xe.o
 .ARM.attributes
                0x00000000000000b0       0x39 src/stm_core.o
 .ARM.attributes
                0x00000000000000e9       0x39 src/system_stm32f4xx.o
 .ARM.attributes
                0x0000000000000122       0x34 /opt/Atollic_TrueSTUDIO_for_ARM_x86_64_8.0.0/ARMTools/bin/../lib/gcc/arm-atollic-eabi/6.3.1/../../../../arm-atollic-eabi/lib/armv7e-m/fpu/libc_nano.a(lib_a-init.o)
 .ARM.attributes
                0x0000000000000156       0x22 /opt/Atollic_TrueSTUDIO_for_ARM_x86_64_8.0.0/ARMTools/bin/../lib/gcc/arm-atollic-eabi/6.3.1/armv7e-m/fpu/crtn.o
OUTPUT(joystick.elf elf32-littlearm)

.debug_info     0x0000000000000000      0xb6b
 .debug_info    0x0000000000000000      0x1c1 src/main.o
 .debug_info    0x00000000000001c1       0x7c src/startup_stm32f411xe.o
 .debug_info    0x000000000000023d      0x464 src/stm_core.o
 .debug_info    0x00000000000006a1      0x4ca src/system_stm32f4xx.o

.debug_abbrev   0x0000000000000000      0x355
 .debug_abbrev  0x0000000000000000       0xeb src/main.o
 .debug_abbrev  0x00000000000000eb       0x12 src/startup_stm32f411xe.o
 .debug_abbrev  0x00000000000000fd      0x139 src/stm_core.o
 .debug_abbrev  0x0000000000000236      0x11f src/system_stm32f4xx.o

.debug_aranges  0x0000000000000000       0xa8
 .debug_aranges
                0x0000000000000000       0x20 src/main.o
 .debug_aranges
                0x0000000000000020       0x28 src/startup_stm32f411xe.o
 .debug_aranges
                0x0000000000000048       0x38 src/stm_core.o
 .debug_aranges
                0x0000000000000080       0x28 src/system_stm32f4xx.o

.debug_ranges   0x0000000000000000       0x70
 .debug_ranges  0x0000000000000000       0x10 src/main.o
 .debug_ranges  0x0000000000000010       0x20 src/startup_stm32f411xe.o
 .debug_ranges  0x0000000000000030       0x28 src/stm_core.o
 .debug_ranges  0x0000000000000058       0x18 src/system_stm32f4xx.o

.debug_line     0x0000000000000000      0x618
 .debug_line    0x0000000000000000      0x1b8 src/main.o
 .debug_line    0x00000000000001b8       0x7b src/startup_stm32f411xe.o
 .debug_line    0x0000000000000233      0x226 src/stm_core.o
 .debug_line    0x0000000000000459      0x1bf src/system_stm32f4xx.o

.debug_str      0x0000000000000000      0x496
 .debug_str     0x0000000000000000      0x25e src/main.o
                                        0x2a3 (size before relaxing)
 .debug_str     0x000000000000025e      0x176 src/stm_core.o
                                        0x3fb (size before relaxing)
 .debug_str     0x00000000000003d4       0xc2 src/system_stm32f4xx.o
                                        0x398 (size before relaxing)

.comment        0x0000000000000000       0x7c
 .comment       0x0000000000000000       0x7c src/main.o
                                         0x7d (size before relaxing)
 .comment       0x000000000000007c       0x7d src/stm_core.o
 .comment       0x000000000000007c       0x7d src/system_stm32f4xx.o

.debug_frame    0x0000000000000000      0x164
 .debug_frame   0x0000000000000000       0x30 src/main.o
 .debug_frame   0x0000000000000030       0xb0 src/stm_core.o
 .debug_frame   0x00000000000000e0       0x58 src/system_stm32f4xx.o
 .debug_frame   0x0000000000000138       0x2c /opt/Atollic_TrueSTUDIO_for_ARM_x86_64_8.0.0/ARMTools/bin/../lib/gcc/arm-atollic-eabi/6.3.1/../../../../arm-atollic-eabi/lib/armv7e-m/fpu/libc_nano.a(lib_a-init.o)

Cross Reference Table

Symbol                                            File
ADC_IRQHandler                                    src/startup_stm32f411xe.o
AHBPrescTable                                     src/system_stm32f4xx.o
BusFault_Handler                                  src/startup_stm32f411xe.o
DMA1_Stream0_IRQHandler                           src/startup_stm32f411xe.o
DMA1_Stream1_IRQHandler                           src/startup_stm32f411xe.o
DMA1_Stream2_IRQHandler                           src/startup_stm32f411xe.o
DMA1_Stream3_IRQHandler                           src/startup_stm32f411xe.o
DMA1_Stream4_IRQHandler                           src/startup_stm32f411xe.o
DMA1_Stream5_IRQHandler                           src/startup_stm32f411xe.o
DMA1_Stream6_IRQHandler                           src/startup_stm32f411xe.o
DMA1_Stream7_IRQHandler                           src/startup_stm32f411xe.o
DMA2_Stream0_IRQHandler                           src/startup_stm32f411xe.o
DMA2_Stream1_IRQHandler                           src/startup_stm32f411xe.o
DMA2_Stream2_IRQHandler                           src/startup_stm32f411xe.o
DMA2_Stream3_IRQHandler                           src/startup_stm32f411xe.o
DMA2_Stream4_IRQHandler                           src/startup_stm32f411xe.o
DMA2_Stream5_IRQHandler                           src/startup_stm32f411xe.o
DMA2_Stream6_IRQHandler                           src/startup_stm32f411xe.o
DMA2_Stream7_IRQHandler                           src/startup_stm32f411xe.o
DebugMon_Handler                                  src/startup_stm32f411xe.o
Default_Handler                                   src/startup_stm32f411xe.o
EXTI0_IRQHandler                                  src/startup_stm32f411xe.o
EXTI15_10_IRQHandler                              src/startup_stm32f411xe.o
EXTI1_IRQHandler                                  src/startup_stm32f411xe.o
EXTI2_IRQHandler                                  src/startup_stm32f411xe.o
EXTI3_IRQHandler                                  src/startup_stm32f411xe.o
EXTI4_IRQHandler                                  src/startup_stm32f411xe.o
EXTI9_5_IRQHandler                                src/startup_stm32f411xe.o
FLASH_IRQHandler                                  src/startup_stm32f411xe.o
FPU_IRQHandler                                    src/startup_stm32f411xe.o
GPIORead                                          src/stm_core.o
                                                  src/main.o
GPIOToggle                                        src/stm_core.o
GPIOWrite                                         src/stm_core.o
                                                  src/main.o
HardFault_Handler                                 src/startup_stm32f411xe.o
I2C1_ER_IRQHandler                                src/startup_stm32f411xe.o
I2C1_EV_IRQHandler                                src/startup_stm32f411xe.o
I2C2_ER_IRQHandler                                src/startup_stm32f411xe.o
I2C2_EV_IRQHandler                                src/startup_stm32f411xe.o
I2C3_ER_IRQHandler                                src/startup_stm32f411xe.o
I2C3_EV_IRQHandler                                src/startup_stm32f411xe.o
MemManage_Handler                                 src/startup_stm32f411xe.o
NMI_Handler                                       src/startup_stm32f411xe.o
Nucleo_SetPinGPIO                                 src/stm_core.o
                                                  src/main.o
OTG_FS_IRQHandler                                 src/startup_stm32f411xe.o
OTG_FS_WKUP_IRQHandler                            src/startup_stm32f411xe.o
PVD_IRQHandler                                    src/startup_stm32f411xe.o
PendSV_Handler                                    src/startup_stm32f411xe.o
RCC_IRQHandler                                    src/startup_stm32f411xe.o
RTC_Alarm_IRQHandler                              src/startup_stm32f411xe.o
RTC_WKUP_IRQHandler                               src/startup_stm32f411xe.o
Reset_Handler                                     src/startup_stm32f411xe.o
SDIO_IRQHandler                                   src/startup_stm32f411xe.o
SPI1_IRQHandler                                   src/startup_stm32f411xe.o
SPI2_IRQHandler                                   src/startup_stm32f411xe.o
SPI3_IRQHandler                                   src/startup_stm32f411xe.o
SPI4_IRQHandler                                   src/startup_stm32f411xe.o
SPI5_IRQHandler                                   src/startup_stm32f411xe.o
SVC_Handler                                       src/startup_stm32f411xe.o
SysTick_Handler                                   src/startup_stm32f411xe.o
SystemCoreClock                                   src/system_stm32f4xx.o
SystemCoreClockUpdate                             src/system_stm32f4xx.o
SystemInit                                        src/system_stm32f4xx.o
                                                  src/startup_stm32f411xe.o
TAMP_STAMP_IRQHandler                             src/startup_stm32f411xe.o
TIM1_BRK_TIM9_IRQHandler                          src/startup_stm32f411xe.o
TIM1_CC_IRQHandler                                src/startup_stm32f411xe.o
TIM1_TRG_COM_TIM11_IRQHandler                     src/startup_stm32f411xe.o
TIM1_UP_TIM10_IRQHandler                          src/startup_stm32f411xe.o
TIM2_IRQHandler                                   src/startup_stm32f411xe.o
TIM3_IRQHandler                                   src/startup_stm32f411xe.o
TIM4_IRQHandler                                   src/startup_stm32f411xe.o
TIM5_IRQHandler                                   src/startup_stm32f411xe.o
USART1_IRQHandler                                 src/startup_stm32f411xe.o
USART2_IRQHandler                                 src/startup_stm32f411xe.o
USART6_IRQHandler                                 src/startup_stm32f411xe.o
UsageFault_Handler                                src/startup_stm32f411xe.o
WWDG_IRQHandler                                   src/startup_stm32f411xe.o
__deregister_frame_info                           /opt/Atollic_TrueSTUDIO_for_ARM_x86_64_8.0.0/ARMTools/bin/../lib/gcc/arm-atollic-eabi/6.3.1/armv7e-m/fpu/crtbegin.o
__dso_handle                                      /opt/Atollic_TrueSTUDIO_for_ARM_x86_64_8.0.0/ARMTools/bin/../lib/gcc/arm-atollic-eabi/6.3.1/armv7e-m/fpu/crtbegin.o
__env                                             src/syscalls.o
__init_array_end                                  /opt/Atollic_TrueSTUDIO_for_ARM_x86_64_8.0.0/ARMTools/bin/../lib/gcc/arm-atollic-eabi/6.3.1/../../../../arm-atollic-eabi/lib/armv7e-m/fpu/libc_nano.a(lib_a-init.o)
__init_array_start                                /opt/Atollic_TrueSTUDIO_for_ARM_x86_64_8.0.0/ARMTools/bin/../lib/gcc/arm-atollic-eabi/6.3.1/../../../../arm-atollic-eabi/lib/armv7e-m/fpu/libc_nano.a(lib_a-init.o)
__libc_init_array                                 /opt/Atollic_TrueSTUDIO_for_ARM_x86_64_8.0.0/ARMTools/bin/../lib/gcc/arm-atollic-eabi/6.3.1/../../../../arm-atollic-eabi/lib/armv7e-m/fpu/libc_nano.a(lib_a-init.o)
                                                  src/startup_stm32f411xe.o
__malloc_free_list                                /opt/Atollic_TrueSTUDIO_for_ARM_x86_64_8.0.0/ARMTools/bin/../lib/gcc/arm-atollic-eabi/6.3.1/../../../../arm-atollic-eabi/lib/armv7e-m/fpu/libc_nano.a(lib_a-nano-mallocr.o)
                                                  /opt/Atollic_TrueSTUDIO_for_ARM_x86_64_8.0.0/ARMTools/bin/../lib/gcc/arm-atollic-eabi/6.3.1/../../../../arm-atollic-eabi/lib/armv7e-m/fpu/libc_nano.a(lib_a-nano-freer.o)
__malloc_lock                                     /opt/Atollic_TrueSTUDIO_for_ARM_x86_64_8.0.0/ARMTools/bin/../lib/gcc/arm-atollic-eabi/6.3.1/../../../../arm-atollic-eabi/lib/armv7e-m/fpu/libc_nano.a(lib_a-mlock.o)
                                                  /opt/Atollic_TrueSTUDIO_for_ARM_x86_64_8.0.0/ARMTools/bin/../lib/gcc/arm-atollic-eabi/6.3.1/../../../../arm-atollic-eabi/lib/armv7e-m/fpu/libc_nano.a(lib_a-nano-mallocr.o)
                                                  /opt/Atollic_TrueSTUDIO_for_ARM_x86_64_8.0.0/ARMTools/bin/../lib/gcc/arm-atollic-eabi/6.3.1/../../../../arm-atollic-eabi/lib/armv7e-m/fpu/libc_nano.a(lib_a-nano-freer.o)
__malloc_sbrk_start                               /opt/Atollic_TrueSTUDIO_for_ARM_x86_64_8.0.0/ARMTools/bin/../lib/gcc/arm-atollic-eabi/6.3.1/../../../../arm-atollic-eabi/lib/armv7e-m/fpu/libc_nano.a(lib_a-nano-mallocr.o)
__malloc_unlock                                   /opt/Atollic_TrueSTUDIO_for_ARM_x86_64_8.0.0/ARMTools/bin/../lib/gcc/arm-atollic-eabi/6.3.1/../../../../arm-atollic-eabi/lib/armv7e-m/fpu/libc_nano.a(lib_a-mlock.o)
                                                  /opt/Atollic_TrueSTUDIO_for_ARM_x86_64_8.0.0/ARMTools/bin/../lib/gcc/arm-atollic-eabi/6.3.1/../../../../arm-atollic-eabi/lib/armv7e-m/fpu/libc_nano.a(lib_a-nano-mallocr.o)
                                                  /opt/Atollic_TrueSTUDIO_for_ARM_x86_64_8.0.0/ARMTools/bin/../lib/gcc/arm-atollic-eabi/6.3.1/../../../../arm-atollic-eabi/lib/armv7e-m/fpu/libc_nano.a(lib_a-nano-freer.o)
__preinit_array_end                               /opt/Atollic_TrueSTUDIO_for_ARM_x86_64_8.0.0/ARMTools/bin/../lib/gcc/arm-atollic-eabi/6.3.1/../../../../arm-atollic-eabi/lib/armv7e-m/fpu/libc_nano.a(lib_a-init.o)
__preinit_array_start                             /opt/Atollic_TrueSTUDIO_for_ARM_x86_64_8.0.0/ARMTools/bin/../lib/gcc/arm-atollic-eabi/6.3.1/../../../../arm-atollic-eabi/lib/armv7e-m/fpu/libc_nano.a(lib_a-init.o)
__register_frame_info                             /opt/Atollic_TrueSTUDIO_for_ARM_x86_64_8.0.0/ARMTools/bin/../lib/gcc/arm-atollic-eabi/6.3.1/armv7e-m/fpu/crtbegin.o
__sf_fake_stderr                                  /opt/Atollic_TrueSTUDIO_for_ARM_x86_64_8.0.0/ARMTools/bin/../lib/gcc/arm-atollic-eabi/6.3.1/../../../../arm-atollic-eabi/lib/armv7e-m/fpu/libc_nano.a(lib_a-impure.o)
__sf_fake_stdin                                   /opt/Atollic_TrueSTUDIO_for_ARM_x86_64_8.0.0/ARMTools/bin/../lib/gcc/arm-atollic-eabi/6.3.1/../../../../arm-atollic-eabi/lib/armv7e-m/fpu/libc_nano.a(lib_a-impure.o)
__sf_fake_stdout                                  /opt/Atollic_TrueSTUDIO_for_ARM_x86_64_8.0.0/ARMTools/bin/../lib/gcc/arm-atollic-eabi/6.3.1/../../../../arm-atollic-eabi/lib/armv7e-m/fpu/libc_nano.a(lib_a-impure.o)
_close                                            src/syscalls.o
_ebss                                             src/startup_stm32f411xe.o
_edata                                            src/startup_stm32f411xe.o
_estack                                           src/startup_stm32f411xe.o
_execve                                           src/syscalls.o
_exit                                             src/syscalls.o
_fini                                             /opt/Atollic_TrueSTUDIO_for_ARM_x86_64_8.0.0/ARMTools/bin/../lib/gcc/arm-atollic-eabi/6.3.1/armv7e-m/fpu/crti.o
_fork                                             src/syscalls.o
_free_r                                           /opt/Atollic_TrueSTUDIO_for_ARM_x86_64_8.0.0/ARMTools/bin/../lib/gcc/arm-atollic-eabi/6.3.1/../../../../arm-atollic-eabi/lib/armv7e-m/fpu/libc_nano.a(lib_a-nano-freer.o)
                                                  /opt/Atollic_TrueSTUDIO_for_ARM_x86_64_8.0.0/ARMTools/bin/../lib/gcc/arm-atollic-eabi/6.3.1/../../../../arm-atollic-eabi/lib/armv7e-m/fpu/libc_nano.a(lib_a-reent.o)
_fstat                                            src/syscalls.o
_getpid                                           src/syscalls.o
_gettimeofday                                     src/syscalls.o
_global_impure_ptr                                /opt/Atollic_TrueSTUDIO_for_ARM_x86_64_8.0.0/ARMTools/bin/../lib/gcc/arm-atollic-eabi/6.3.1/../../../../arm-atollic-eabi/lib/armv7e-m/fpu/libc_nano.a(lib_a-impure.o)
_impure_ptr                                       /opt/Atollic_TrueSTUDIO_for_ARM_x86_64_8.0.0/ARMTools/bin/../lib/gcc/arm-atollic-eabi/6.3.1/../../../../arm-atollic-eabi/lib/armv7e-m/fpu/libc_nano.a(lib_a-impure.o)
                                                  /opt/Atollic_TrueSTUDIO_for_ARM_x86_64_8.0.0/ARMTools/bin/../lib/gcc/arm-atollic-eabi/6.3.1/../../../../arm-atollic-eabi/lib/armv7e-m/fpu/libc_nano.a(lib_a-reent.o)
_init                                             /opt/Atollic_TrueSTUDIO_for_ARM_x86_64_8.0.0/ARMTools/bin/../lib/gcc/arm-atollic-eabi/6.3.1/armv7e-m/fpu/crti.o
                                                  /opt/Atollic_TrueSTUDIO_for_ARM_x86_64_8.0.0/ARMTools/bin/../lib/gcc/arm-atollic-eabi/6.3.1/../../../../arm-atollic-eabi/lib/armv7e-m/fpu/libc_nano.a(lib_a-init.o)
_isatty                                           src/syscalls.o
_kill                                             src/syscalls.o
_link                                             src/syscalls.o
_lseek                                            src/syscalls.o
_malloc_r                                         /opt/Atollic_TrueSTUDIO_for_ARM_x86_64_8.0.0/ARMTools/bin/../lib/gcc/arm-atollic-eabi/6.3.1/../../../../arm-atollic-eabi/lib/armv7e-m/fpu/libc_nano.a(lib_a-nano-mallocr.o)
_open                                             src/syscalls.o
_read                                             src/syscalls.o
_readlink                                         src/syscalls.o
_reclaim_reent                                    /opt/Atollic_TrueSTUDIO_for_ARM_x86_64_8.0.0/ARMTools/bin/../lib/gcc/arm-atollic-eabi/6.3.1/../../../../arm-atollic-eabi/lib/armv7e-m/fpu/libc_nano.a(lib_a-reent.o)
_sbrk                                             src/syscalls.o
                                                  /opt/Atollic_TrueSTUDIO_for_ARM_x86_64_8.0.0/ARMTools/bin/../lib/gcc/arm-atollic-eabi/6.3.1/../../../../arm-atollic-eabi/lib/armv7e-m/fpu/libc_nano.a(lib_a-sbrkr.o)
_sbrk_r                                           /opt/Atollic_TrueSTUDIO_for_ARM_x86_64_8.0.0/ARMTools/bin/../lib/gcc/arm-atollic-eabi/6.3.1/../../../../arm-atollic-eabi/lib/armv7e-m/fpu/libc_nano.a(lib_a-sbrkr.o)
                                                  /opt/Atollic_TrueSTUDIO_for_ARM_x86_64_8.0.0/ARMTools/bin/../lib/gcc/arm-atollic-eabi/6.3.1/../../../../arm-atollic-eabi/lib/armv7e-m/fpu/libc_nano.a(lib_a-nano-mallocr.o)
_sbss                                             src/startup_stm32f411xe.o
_sdata                                            src/startup_stm32f411xe.o
_sidata                                           src/startup_stm32f411xe.o
_stat                                             src/syscalls.o
_symlink                                          src/syscalls.o
_times                                            src/syscalls.o
_unlink                                           src/syscalls.o
_wait                                             src/syscalls.o
_write                                            src/syscalls.o
                                                  src/tiny_printf.o
cleanup_glue                                      /opt/Atollic_TrueSTUDIO_for_ARM_x86_64_8.0.0/ARMTools/bin/../lib/gcc/arm-atollic-eabi/6.3.1/../../../../arm-atollic-eabi/lib/armv7e-m/fpu/libc_nano.a(lib_a-reent.o)
end                                               src/syscalls.o
environ                                           src/syscalls.o
errno                                             /opt/Atollic_TrueSTUDIO_for_ARM_x86_64_8.0.0/ARMTools/bin/../lib/gcc/arm-atollic-eabi/6.3.1/../../../../arm-atollic-eabi/lib/armv7e-m/fpu/libc_nano.a(lib_a-reent.o)
                                                  /opt/Atollic_TrueSTUDIO_for_ARM_x86_64_8.0.0/ARMTools/bin/../lib/gcc/arm-atollic-eabi/6.3.1/../../../../arm-atollic-eabi/lib/armv7e-m/fpu/libc_nano.a(lib_a-sbrkr.o)
                                                  src/syscalls.o
fiprintf                                          src/tiny_printf.o
fprintf                                           src/tiny_printf.o
fputs                                             src/tiny_printf.o
fwrite                                            src/tiny_printf.o
g_pfnVectors                                      src/startup_stm32f411xe.o
initialise_monitor_handles                        src/syscalls.o
iprintf                                           src/tiny_printf.o
main                                              src/main.o
                                                  src/startup_stm32f411xe.o
printf                                            src/tiny_printf.o
puts                                              src/tiny_printf.o
siprintf                                          src/tiny_printf.o
sprintf                                           src/tiny_printf.o
strlen                                            /opt/Atollic_TrueSTUDIO_for_ARM_x86_64_8.0.0/ARMTools/bin/../lib/gcc/arm-atollic-eabi/6.3.1/../../../../arm-atollic-eabi/lib/armv7e-m/fpu/libc_nano.a(lib_a-strlen.o)
                                                  src/tiny_printf.o
ts_formatlength                                   src/tiny_printf.o
ts_formatstring                                   src/tiny_printf.o
ts_itoa                                           src/tiny_printf.o
