22:50:20 **** Incremental Build of configuration Debug for project MandelbrotHW ****
Info: Internal Builder is used for build
arm-atollic-eabi-gcc -c ../src/main.c -mthumb -mcpu=cortex-m4 -mfloat-abi=hard -mfpu=fpv4-sp-d16 -std=gnu11 -DSTM32F411xE -I../src -I../Drivers/CMSIS/Include -I../Drivers/CMSIS/Device/ST/STM32F4xx/Include -I../Drivers/STM32F4xx_HAL_Driver/Inc -O0 -ffunction-sections -fdata-sections -g -fstack-usage -Wall -specs=nano.specs -o src/main.o 
In file included from ../src/main.c:38:0:
../src/mandelbrot.h: In function 'CalculateMandel':
../src/mandelbrot.h:53:15: warning: unused variable 'ms_elapsed' [-Wunused-variable]
      uint32_t ms_elapsed = _ticks - start_tick;
               ^~~~~~~~~~
arm-atollic-eabi-gcc -o MandelbrotHW.elf src/main.o src/mbed_shield_lcd.o src/mina_shield.o src/nucleo_core.o src/startup_stm32f411xe.o src/system_stm32f4xx.o src/tiny_printf.o -mthumb -mcpu=cortex-m4 -mfloat-abi=hard -mfpu=fpv4-sp-d16 -T../stm32_flash.ld -specs=nosys.specs -static -Wl,-cref,-u,Reset_Handler -Wl,-Map=MandelbrotHW.map -Wl,--gc-sections -Wl,--defsym=malloc_getpagesize_P=0x80 -Wl,--start-group -lc -lm -Wl,--end-group -specs=nano.specs 
/opt/Atollic_TrueSTUDIO_for_ARM_x86_64_8.0.0/ide/jre/bin/java -jar /opt/Atollic_TrueSTUDIO_for_ARM_x86_64_8.0.0/Tools/arm-atollic-reports.jar sizeinfo list /media/petr/HDD/FEL/MINA/Atollic_Workspace/MandelbrotHW/Debug/MandelbrotHW.elf 
Generate build reports...
Print size information
   text	   data	    bss	    dec	    hex	filename
   5460	     20	   1576	   7056	   1b90	/media/petr/HDD/FEL/MINA/Atollic_Workspace/MandelbrotHW/Debug/MandelbrotHW.elf
Print size information done
Generate listing file
Output sent to: /media/petr/HDD/FEL/MINA/Atollic_Workspace/MandelbrotHW/Debug/MandelbrotHW.list
Generate listing file done
Generate build reports done
Info: Nothing to build for MandelbrotHW
Info: Nothing to build for MandelbrotHW
22:53:45 **** Incremental Build of configuration Debug for project MandelbrotHW ****
Info: Internal Builder is used for build
arm-atollic-eabi-gcc -c ../src/main.c -mthumb -mcpu=cortex-m4 -mfloat-abi=hard -mfpu=fpv4-sp-d16 -std=gnu11 -DSTM32F411xE -I../src -I../Drivers/CMSIS/Include -I../Drivers/CMSIS/Device/ST/STM32F4xx/Include -I../Drivers/STM32F4xx_HAL_Driver/Inc -O0 -ffunction-sections -fdata-sections -g -fstack-usage -Wall -specs=nano.specs -o src/main.o 
In file included from ../src/main.c:38:0:
../src/mandelbrot.h: In function 'CalculateMandel':
../src/mandelbrot.h:53:15: warning: unused variable 'ms_elapsed' [-Wunused-variable]
      uint32_t ms_elapsed = _ticks - start_tick;
               ^~~~~~~~~~
arm-atollic-eabi-gcc -o MandelbrotHW.elf src/main.o src/mbed_shield_lcd.o src/mina_shield.o src/nucleo_core.o src/startup_stm32f411xe.o src/system_stm32f4xx.o src/tiny_printf.o -mthumb -mcpu=cortex-m4 -mfloat-abi=hard -mfpu=fpv4-sp-d16 -T../stm32_flash.ld -specs=nosys.specs -static -Wl,-cref,-u,Reset_Handler -Wl,-Map=MandelbrotHW.map -Wl,--gc-sections -Wl,--defsym=malloc_getpagesize_P=0x80 -Wl,--start-group -lc -lm -Wl,--end-group -specs=nano.specs 
/opt/Atollic_TrueSTUDIO_for_ARM_x86_64_8.0.0/ide/jre/bin/java -jar /opt/Atollic_TrueSTUDIO_for_ARM_x86_64_8.0.0/Tools/arm-atollic-reports.jar sizeinfo list /media/petr/HDD/FEL/MINA/Atollic_Workspace/MandelbrotHW/Debug/MandelbrotHW.elf 
Generate build reports...
Print size information
   text	   data	    bss	    dec	    hex	filename
   5468	     20	   1576	   7064	   1b98	/media/petr/HDD/FEL/MINA/Atollic_Workspace/MandelbrotHW/Debug/MandelbrotHW.elf
Print size information done
Generate listing file
Output sent to: /media/petr/HDD/FEL/MINA/Atollic_Workspace/MandelbrotHW/Debug/MandelbrotHW.list
Generate listing file done
Generate build reports done
22:57:48 **** Incremental Build of configuration Debug for project MandelbrotHW ****
Info: Internal Builder is used for build
arm-atollic-eabi-gcc -c ../src/main.c -mthumb -mcpu=cortex-m4 -mfloat-abi=hard -mfpu=fpv4-sp-d16 -std=gnu11 -DSTM32F411xE -I../src -I../Drivers/CMSIS/Include -I../Drivers/CMSIS/Device/ST/STM32F4xx/Include -I../Drivers/STM32F4xx_HAL_Driver/Inc -O0 -ffunction-sections -fdata-sections -g -fstack-usage -Wall -specs=nano.specs -o src/main.o 
In file included from ../src/main.c:38:0:
../src/mandelbrot.h: In function 'CalculateMandel':
../src/mandelbrot.h:57:12: warning: unused variable 'ms_elapsed' [-Wunused-variable]
   uint32_t ms_elapsed = _ticks - start_tick;
            ^~~~~~~~~~
arm-atollic-eabi-gcc -o MandelbrotHW.elf src/main.o src/mbed_shield_lcd.o src/mina_shield.o src/nucleo_core.o src/startup_stm32f411xe.o src/system_stm32f4xx.o src/tiny_printf.o -mthumb -mcpu=cortex-m4 -mfloat-abi=hard -mfpu=fpv4-sp-d16 -T../stm32_flash.ld -specs=nosys.specs -static -Wl,-cref,-u,Reset_Handler -Wl,-Map=MandelbrotHW.map -Wl,--gc-sections -Wl,--defsym=malloc_getpagesize_P=0x80 -Wl,--start-group -lc -lm -Wl,--end-group -specs=nano.specs 
/opt/Atollic_TrueSTUDIO_for_ARM_x86_64_8.0.0/ide/jre/bin/java -jar /opt/Atollic_TrueSTUDIO_for_ARM_x86_64_8.0.0/Tools/arm-atollic-reports.jar sizeinfo list /media/petr/HDD/FEL/MINA/Atollic_Workspace/MandelbrotHW/Debug/MandelbrotHW.elf 
Generate build reports...
Print size information
   text	   data	    bss	    dec	    hex	filename
   5468	     20	   1576	   7064	   1b98	/media/petr/HDD/FEL/MINA/Atollic_Workspace/MandelbrotHW/Debug/MandelbrotHW.elf
Print size information done
Generate listing file
Output sent to: /media/petr/HDD/FEL/MINA/Atollic_Workspace/MandelbrotHW/Debug/MandelbrotHW.list
Generate listing file done
Generate build reports done
Info: Nothing to build for MandelbrotHW
23:01:45 **** Incremental Build of configuration Debug for project MandelbrotHW ****
Info: Internal Builder is used for build
arm-atollic-eabi-gcc -c ../src/main.c -mthumb -mcpu=cortex-m4 -mfloat-abi=hard -mfpu=fpv4-sp-d16 -std=gnu11 -DSTM32F411xE -I../src -I../Drivers/CMSIS/Include -I../Drivers/CMSIS/Device/ST/STM32F4xx/Include -I../Drivers/STM32F4xx_HAL_Driver/Inc -O0 -ffunction-sections -fdata-sections -g -fstack-usage -Wall -specs=nano.specs -o src/main.o 
In file included from ../src/main.c:38:0:
../src/mandelbrot.h: In function 'CalculateMandel':
../src/mandelbrot.h:57:12: warning: unused variable 'ms_elapsed' [-Wunused-variable]
   uint32_t ms_elapsed = _ticks - start_tick;
            ^~~~~~~~~~
arm-atollic-eabi-gcc -o MandelbrotHW.elf src/main.o src/mbed_shield_lcd.o src/mina_shield.o src/nucleo_core.o src/startup_stm32f411xe.o src/system_stm32f4xx.o src/tiny_printf.o -mthumb -mcpu=cortex-m4 -mfloat-abi=hard -mfpu=fpv4-sp-d16 -T../stm32_flash.ld -specs=nosys.specs -static -Wl,-cref,-u,Reset_Handler -Wl,-Map=MandelbrotHW.map -Wl,--gc-sections -Wl,--defsym=malloc_getpagesize_P=0x80 -Wl,--start-group -lc -lm -Wl,--end-group -specs=nano.specs 
/opt/Atollic_TrueSTUDIO_for_ARM_x86_64_8.0.0/ide/jre/bin/java -jar /opt/Atollic_TrueSTUDIO_for_ARM_x86_64_8.0.0/Tools/arm-atollic-reports.jar sizeinfo list /media/petr/HDD/FEL/MINA/Atollic_Workspace/MandelbrotHW/Debug/MandelbrotHW.elf 
Generate build reports...
Print size information
   text	   data	    bss	    dec	    hex	filename
   5516	     20	   1576	   7112	   1bc8	/media/petr/HDD/FEL/MINA/Atollic_Workspace/MandelbrotHW/Debug/MandelbrotHW.elf
Print size information done
Generate listing file
Output sent to: /media/petr/HDD/FEL/MINA/Atollic_Workspace/MandelbrotHW/Debug/MandelbrotHW.list
Generate listing file done
Generate build reports done
23:10:14 **** Incremental Build of configuration Debug for project MandelbrotHW ****
Info: Internal Builder is used for build
arm-atollic-eabi-gcc -c ../src/mina_shield.c -mthumb -mcpu=cortex-m4 -mfloat-abi=hard -mfpu=fpv4-sp-d16 -std=gnu11 -DSTM32F411xE -I../src -I../Drivers/CMSIS/Include -I../Drivers/CMSIS/Device/ST/STM32F4xx/Include -I../Drivers/STM32F4xx_HAL_Driver/Inc -O0 -ffunction-sections -fdata-sections -g -fstack-usage -Wall -specs=nano.specs -o src/mina_shield.o 
arm-atollic-eabi-gcc -c ../src/main.c -mthumb -mcpu=cortex-m4 -mfloat-abi=hard -mfpu=fpv4-sp-d16 -std=gnu11 -DSTM32F411xE -I../src -I../Drivers/CMSIS/Include -I../Drivers/CMSIS/Device/ST/STM32F4xx/Include -I../Drivers/STM32F4xx_HAL_Driver/Inc -O0 -ffunction-sections -fdata-sections -g -fstack-usage -Wall -specs=nano.specs -o src/main.o 
In file included from ../src/main.c:38:0:
../src/mandelbrot.h: In function 'CalculateMandel':
../src/mandelbrot.h:57:12: warning: unused variable 'ms_elapsed' [-Wunused-variable]
   uint32_t ms_elapsed = _ticks - start_tick;
            ^~~~~~~~~~
../src/main.c: In function 'main':
../src/main.c:72:3: warning: implicit declaration of function 'initJoystick' [-Wimplicit-function-declaration]
   initJoystick();
   ^~~~~~~~~~~~
arm-atollic-eabi-gcc -o MandelbrotHW.elf src/main.o src/mbed_shield_lcd.o src/mina_shield.o src/nucleo_core.o src/startup_stm32f411xe.o src/system_stm32f4xx.o src/tiny_printf.o -mthumb -mcpu=cortex-m4 -mfloat-abi=hard -mfpu=fpv4-sp-d16 -T../stm32_flash.ld -specs=nosys.specs -static -Wl,-cref,-u,Reset_Handler -Wl,-Map=MandelbrotHW.map -Wl,--gc-sections -Wl,--defsym=malloc_getpagesize_P=0x80 -Wl,--start-group -lc -lm -Wl,--end-group -specs=nano.specs 
/opt/Atollic_TrueSTUDIO_for_ARM_x86_64_8.0.0/ide/jre/bin/java -jar /opt/Atollic_TrueSTUDIO_for_ARM_x86_64_8.0.0/Tools/arm-atollic-reports.jar sizeinfo list /media/petr/HDD/FEL/MINA/Atollic_Workspace/MandelbrotHW/Debug/MandelbrotHW.elf 
Generate build reports...
Print size information
   text	   data	    bss	    dec	    hex	filename
   5532	     20	   1576	   7128	   1bd8	/media/petr/HDD/FEL/MINA/Atollic_Workspace/MandelbrotHW/Debug/MandelbrotHW.elf
Print size information done
Generate listing file
Output sent to: /media/petr/HDD/FEL/MINA/Atollic_Workspace/MandelbrotHW/Debug/MandelbrotHW.list
Generate listing file done
Generate build reports done
23:13:10 **** Incremental Build of configuration Debug for project MandelbrotHW ****
Info: Internal Builder is used for build
arm-atollic-eabi-gcc -c ../src/main.c -mthumb -mcpu=cortex-m4 -mfloat-abi=hard -mfpu=fpv4-sp-d16 -std=gnu11 -DSTM32F411xE -I../src -I../Drivers/CMSIS/Include -I../Drivers/CMSIS/Device/ST/STM32F4xx/Include -I../Drivers/STM32F4xx_HAL_Driver/Inc -O0 -ffunction-sections -fdata-sections -g -fstack-usage -Wall -specs=nano.specs -o src/main.o 
In file included from ../src/main.c:38:0:
../src/mandelbrot.h: In function 'CalculateMandel':
../src/mandelbrot.h:59:24: warning: format '%u' expects argument of type 'unsigned int', but argument 3 has type 'uint32_t {aka long unsigned int}' [-Wformat=]
   sprintf(buf, "Time: %u", ms_elapsed);
                        ^
../src/main.c: In function 'main':
../src/main.c:72:3: warning: implicit declaration of function 'initJoystick' [-Wimplicit-function-declaration]
   initJoystick();
   ^~~~~~~~~~~~
arm-atollic-eabi-gcc -o MandelbrotHW.elf src/main.o src/mbed_shield_lcd.o src/mina_shield.o src/nucleo_core.o src/startup_stm32f411xe.o src/system_stm32f4xx.o src/tiny_printf.o -mthumb -mcpu=cortex-m4 -mfloat-abi=hard -mfpu=fpv4-sp-d16 -T../stm32_flash.ld -specs=nosys.specs -static -Wl,-cref,-u,Reset_Handler -Wl,-Map=MandelbrotHW.map -Wl,--gc-sections -Wl,--defsym=malloc_getpagesize_P=0x80 -Wl,--start-group -lc -lm -Wl,--end-group -specs=nano.specs 
/opt/Atollic_TrueSTUDIO_for_ARM_x86_64_8.0.0/ide/jre/bin/java -jar /opt/Atollic_TrueSTUDIO_for_ARM_x86_64_8.0.0/Tools/arm-atollic-reports.jar sizeinfo list /media/petr/HDD/FEL/MINA/Atollic_Workspace/MandelbrotHW/Debug/MandelbrotHW.elf 
Generate build reports...
Print size information
   text	   data	    bss	    dec	    hex	filename
   6316	   1048	   1576	   8940	   22ec	/media/petr/HDD/FEL/MINA/Atollic_Workspace/MandelbrotHW/Debug/MandelbrotHW.elf
Print size information done
Generate listing file
Output sent to: /media/petr/HDD/FEL/MINA/Atollic_Workspace/MandelbrotHW/Debug/MandelbrotHW.list
Generate listing file done
Generate build reports done
23:14:00 **** Incremental Build of configuration Debug for project MandelbrotHW ****
Info: Internal Builder is used for build
arm-atollic-eabi-gcc -c ../src/main.c -mthumb -mcpu=cortex-m4 -mfloat-abi=hard -mfpu=fpv4-sp-d16 -std=gnu11 -DSTM32F411xE -I../src -I../Drivers/CMSIS/Include -I../Drivers/CMSIS/Device/ST/STM32F4xx/Include -I../Drivers/STM32F4xx_HAL_Driver/Inc -O0 -ffunction-sections -fdata-sections -g -fstack-usage -Wall -specs=nano.specs -o src/main.o 
In file included from ../src/main.c:38:0:
../src/mandelbrot.h: In function 'CalculateMandel':
../src/mandelbrot.h:59:24: warning: format '%u' expects argument of type 'unsigned int', but argument 3 has type 'uint32_t {aka long unsigned int}' [-Wformat=]
   sprintf(buf, "Time: %u", ms_elapsed);
                        ^
../src/main.c: In function 'main':
../src/main.c:72:3: warning: implicit declaration of function 'initJoystick' [-Wimplicit-function-declaration]
   initJoystick();
   ^~~~~~~~~~~~
arm-atollic-eabi-gcc -o MandelbrotHW.elf src/main.o src/mbed_shield_lcd.o src/mina_shield.o src/nucleo_core.o src/startup_stm32f411xe.o src/system_stm32f4xx.o src/tiny_printf.o -mthumb -mcpu=cortex-m4 -mfloat-abi=hard -mfpu=fpv4-sp-d16 -T../stm32_flash.ld -specs=nosys.specs -static -Wl,-cref,-u,Reset_Handler -Wl,-Map=MandelbrotHW.map -Wl,--gc-sections -Wl,--defsym=malloc_getpagesize_P=0x80 -Wl,--start-group -lc -lm -Wl,--end-group -specs=nano.specs 
/opt/Atollic_TrueSTUDIO_for_ARM_x86_64_8.0.0/ide/jre/bin/java -jar /opt/Atollic_TrueSTUDIO_for_ARM_x86_64_8.0.0/Tools/arm-atollic-reports.jar sizeinfo list /media/petr/HDD/FEL/MINA/Atollic_Workspace/MandelbrotHW/Debug/MandelbrotHW.elf 
Generate build reports...
Print size information
   text	   data	    bss	    dec	    hex	filename
   6316	   1048	   1576	   8940	   22ec	/media/petr/HDD/FEL/MINA/Atollic_Workspace/MandelbrotHW/Debug/MandelbrotHW.elf
Print size information done
Generate listing file
Output sent to: /media/petr/HDD/FEL/MINA/Atollic_Workspace/MandelbrotHW/Debug/MandelbrotHW.list
Generate listing file done
Generate build reports done
23:16:23 **** Incremental Build of configuration Debug for project MandelbrotHW ****
Info: Internal Builder is used for build
arm-atollic-eabi-gcc -c ../src/mbed_shield_lcd.c -mthumb -mcpu=cortex-m4 -std=gnu11 -DSTM32F411xE -I../src -I../Drivers/CMSIS/Include -I../Drivers/CMSIS/Device/ST/STM32F4xx/Include -I../Drivers/STM32F4xx_HAL_Driver/Inc -O0 -ffunction-sections -fdata-sections -g -fstack-usage -Wall -specs=nano.specs -o src/mbed_shield_lcd.o 
arm-atollic-eabi-gcc -c ../src/tiny_printf.c -mthumb -mcpu=cortex-m4 -std=gnu11 -DSTM32F411xE -I../src -I../Drivers/CMSIS/Include -I../Drivers/CMSIS/Device/ST/STM32F4xx/Include -I../Drivers/STM32F4xx_HAL_Driver/Inc -O0 -ffunction-sections -fdata-sections -g -fstack-usage -Wall -specs=nano.specs -o src/tiny_printf.o 
arm-atollic-eabi-gcc -c ../src/nucleo_core.c -mthumb -mcpu=cortex-m4 -std=gnu11 -DSTM32F411xE -I../src -I../Drivers/CMSIS/Include -I../Drivers/CMSIS/Device/ST/STM32F4xx/Include -I../Drivers/STM32F4xx_HAL_Driver/Inc -O0 -ffunction-sections -fdata-sections -g -fstack-usage -Wall -specs=nano.specs -o src/nucleo_core.o 
arm-atollic-eabi-gcc -c ../src/main.c -mthumb -mcpu=cortex-m4 -std=gnu11 -DSTM32F411xE -I../src -I../Drivers/CMSIS/Include -I../Drivers/CMSIS/Device/ST/STM32F4xx/Include -I../Drivers/STM32F4xx_HAL_Driver/Inc -O0 -ffunction-sections -fdata-sections -g -fstack-usage -Wall -specs=nano.specs -o src/main.o 
In file included from ../src/main.c:38:0:
../src/mandelbrot.h: In function 'CalculateMandel':
../src/mandelbrot.h:59:24: warning: format '%u' expects argument of type 'unsigned int', but argument 3 has type 'uint32_t {aka long unsigned int}' [-Wformat=]
   sprintf(buf, "Time: %u", ms_elapsed);
                        ^
../src/main.c: In function 'main':
../src/main.c:72:3: warning: implicit declaration of function 'initJoystick' [-Wimplicit-function-declaration]
   initJoystick();
   ^~~~~~~~~~~~
arm-atollic-eabi-gcc -c ../src/mina_shield.c -mthumb -mcpu=cortex-m4 -std=gnu11 -DSTM32F411xE -I../src -I../Drivers/CMSIS/Include -I../Drivers/CMSIS/Device/ST/STM32F4xx/Include -I../Drivers/STM32F4xx_HAL_Driver/Inc -O0 -ffunction-sections -fdata-sections -g -fstack-usage -Wall -specs=nano.specs -o src/mina_shield.o 
arm-atollic-eabi-gcc -c ../src/system_stm32f4xx.c -mthumb -mcpu=cortex-m4 -std=gnu11 -DSTM32F411xE -I../src -I../Drivers/CMSIS/Include -I../Drivers/CMSIS/Device/ST/STM32F4xx/Include -I../Drivers/STM32F4xx_HAL_Driver/Inc -O0 -ffunction-sections -fdata-sections -g -fstack-usage -Wall -specs=nano.specs -o src/system_stm32f4xx.o 
arm-atollic-eabi-gcc -o MandelbrotHW.elf src/main.o src/mbed_shield_lcd.o src/mina_shield.o src/nucleo_core.o src/startup_stm32f411xe.o src/system_stm32f4xx.o src/tiny_printf.o -mthumb -mcpu=cortex-m4 -T../stm32_flash.ld -specs=nosys.specs -static -Wl,-cref,-u,Reset_Handler -Wl,-Map=MandelbrotHW.map -Wl,--gc-sections -Wl,--defsym=malloc_getpagesize_P=0x80 -Wl,--start-group -lc -lm -Wl,--end-group -specs=nano.specs 
/opt/Atollic_TrueSTUDIO_for_ARM_x86_64_8.0.0/ide/jre/bin/java -jar /opt/Atollic_TrueSTUDIO_for_ARM_x86_64_8.0.0/Tools/arm-atollic-reports.jar sizeinfo list /media/petr/HDD/FEL/MINA/Atollic_Workspace/MandelbrotHW/Debug/MandelbrotHW.elf 
Generate build reports...
Print size information
   text	   data	    bss	    dec	    hex	filename
   7844	   1048	   1576	  10468	   28e4	/media/petr/HDD/FEL/MINA/Atollic_Workspace/MandelbrotHW/Debug/MandelbrotHW.elf
Print size information done
Generate listing file
Output sent to: /media/petr/HDD/FEL/MINA/Atollic_Workspace/MandelbrotHW/Debug/MandelbrotHW.list
Generate listing file done
Generate build reports done
23:17:30 **** Incremental Build of configuration Debug for project MandelbrotHW ****
Info: Internal Builder is used for build
arm-atollic-eabi-gcc -c ../src/system_stm32f4xx.c -mthumb -mcpu=cortex-m4 -mfloat-abi=hard -mfpu=fpv4-sp-d16 -std=gnu11 -DSTM32F411xE -I../src -I../Drivers/CMSIS/Include -I../Drivers/CMSIS/Device/ST/STM32F4xx/Include -I../Drivers/STM32F4xx_HAL_Driver/Inc -O0 -ffunction-sections -fdata-sections -g -fstack-usage -Wall -specs=nano.specs -o src/system_stm32f4xx.o 
arm-atollic-eabi-gcc -c ../src/tiny_printf.c -mthumb -mcpu=cortex-m4 -mfloat-abi=hard -mfpu=fpv4-sp-d16 -std=gnu11 -DSTM32F411xE -I../src -I../Drivers/CMSIS/Include -I../Drivers/CMSIS/Device/ST/STM32F4xx/Include -I../Drivers/STM32F4xx_HAL_Driver/Inc -O0 -ffunction-sections -fdata-sections -g -fstack-usage -Wall -specs=nano.specs -o src/tiny_printf.o 
arm-atollic-eabi-gcc -c ../src/mbed_shield_lcd.c -mthumb -mcpu=cortex-m4 -mfloat-abi=hard -mfpu=fpv4-sp-d16 -std=gnu11 -DSTM32F411xE -I../src -I../Drivers/CMSIS/Include -I../Drivers/CMSIS/Device/ST/STM32F4xx/Include -I../Drivers/STM32F4xx_HAL_Driver/Inc -O0 -ffunction-sections -fdata-sections -g -fstack-usage -Wall -specs=nano.specs -o src/mbed_shield_lcd.o 
arm-atollic-eabi-gcc -c ../src/nucleo_core.c -mthumb -mcpu=cortex-m4 -mfloat-abi=hard -mfpu=fpv4-sp-d16 -std=gnu11 -DSTM32F411xE -I../src -I../Drivers/CMSIS/Include -I../Drivers/CMSIS/Device/ST/STM32F4xx/Include -I../Drivers/STM32F4xx_HAL_Driver/Inc -O0 -ffunction-sections -fdata-sections -g -fstack-usage -Wall -specs=nano.specs -o src/nucleo_core.o 
arm-atollic-eabi-gcc -c ../src/main.c -mthumb -mcpu=cortex-m4 -mfloat-abi=hard -mfpu=fpv4-sp-d16 -std=gnu11 -DSTM32F411xE -I../src -I../Drivers/CMSIS/Include -I../Drivers/CMSIS/Device/ST/STM32F4xx/Include -I../Drivers/STM32F4xx_HAL_Driver/Inc -O0 -ffunction-sections -fdata-sections -g -fstack-usage -Wall -specs=nano.specs -o src/main.o 
In file included from ../src/main.c:38:0:
../src/mandelbrot.h: In function 'CalculateMandel':
../src/mandelbrot.h:59:24: warning: format '%u' expects argument of type 'unsigned int', but argument 3 has type 'uint32_t {aka long unsigned int}' [-Wformat=]
   sprintf(buf, "Time: %u", ms_elapsed);
                        ^
../src/main.c: In function 'main':
../src/main.c:72:3: warning: implicit declaration of function 'initJoystick' [-Wimplicit-function-declaration]
   initJoystick();
   ^~~~~~~~~~~~
arm-atollic-eabi-gcc -c ../src/mina_shield.c -mthumb -mcpu=cortex-m4 -mfloat-abi=hard -mfpu=fpv4-sp-d16 -std=gnu11 -DSTM32F411xE -I../src -I../Drivers/CMSIS/Include -I../Drivers/CMSIS/Device/ST/STM32F4xx/Include -I../Drivers/STM32F4xx_HAL_Driver/Inc -O0 -ffunction-sections -fdata-sections -g -fstack-usage -Wall -specs=nano.specs -o src/mina_shield.o 
arm-atollic-eabi-gcc -o MandelbrotHW.elf src/main.o src/mbed_shield_lcd.o src/mina_shield.o src/nucleo_core.o src/startup_stm32f411xe.o src/system_stm32f4xx.o src/tiny_printf.o -mthumb -mcpu=cortex-m4 -mfloat-abi=hard -mfpu=fpv4-sp-d16 -T../stm32_flash.ld -specs=nosys.specs -static -Wl,-cref,-u,Reset_Handler -Wl,-Map=MandelbrotHW.map -Wl,--gc-sections -Wl,--defsym=malloc_getpagesize_P=0x80 -Wl,--start-group -lc -lm -Wl,--end-group -specs=nano.specs 
/opt/Atollic_TrueSTUDIO_for_ARM_x86_64_8.0.0/ide/jre/bin/java -jar /opt/Atollic_TrueSTUDIO_for_ARM_x86_64_8.0.0/Tools/arm-atollic-reports.jar sizeinfo list /media/petr/HDD/FEL/MINA/Atollic_Workspace/MandelbrotHW/Debug/MandelbrotHW.elf 
Generate build reports...
Print size information
   text	   data	    bss	    dec	    hex	filename
   6316	   1048	   1576	   8940	   22ec	/media/petr/HDD/FEL/MINA/Atollic_Workspace/MandelbrotHW/Debug/MandelbrotHW.elf
Print size information done
Generate listing file
Output sent to: /media/petr/HDD/FEL/MINA/Atollic_Workspace/MandelbrotHW/Debug/MandelbrotHW.list
Generate listing file done
Generate build reports done
23:22:22 **** Incremental Build of configuration Debug for project MandelbrotHW ****
Info: Internal Builder is used for build
arm-atollic-eabi-gcc -c ../src/main.c -mthumb -mcpu=cortex-m4 -mfloat-abi=hard -mfpu=fpv4-sp-d16 -std=gnu11 -DSTM32F411xE -I../src -I../Drivers/CMSIS/Include -I../Drivers/CMSIS/Device/ST/STM32F4xx/Include -I../Drivers/STM32F4xx_HAL_Driver/Inc -O0 -ffunction-sections -fdata-sections -g -fstack-usage -Wall -specs=nano.specs -o src/main.o 
In file included from ../src/main.c:38:0:
../src/mandelbrot.h: In function 'CalculateMandel':
../src/mandelbrot.h:61:24: warning: format '%u' expects argument of type 'unsigned int', but argument 3 has type 'uint32_t {aka long unsigned int}' [-Wformat=]
   sprintf(buf, "Time: %u", ms_elapsed);
                        ^
../src/main.c: In function 'main':
../src/main.c:74:3: warning: implicit declaration of function 'initJoystick' [-Wimplicit-function-declaration]
   initJoystick();
   ^~~~~~~~~~~~
arm-atollic-eabi-gcc -o MandelbrotHW.elf src/main.o src/mbed_shield_lcd.o src/mina_shield.o src/nucleo_core.o src/startup_stm32f411xe.o src/system_stm32f4xx.o src/tiny_printf.o -mthumb -mcpu=cortex-m4 -mfloat-abi=hard -mfpu=fpv4-sp-d16 -T../stm32_flash.ld -specs=nosys.specs -static -Wl,-cref,-u,Reset_Handler -Wl,-Map=MandelbrotHW.map -Wl,--gc-sections -Wl,--defsym=malloc_getpagesize_P=0x80 -Wl,--start-group -lc -lm -Wl,--end-group -specs=nano.specs 
/opt/Atollic_TrueSTUDIO_for_ARM_x86_64_8.0.0/ide/jre/bin/java -jar /opt/Atollic_TrueSTUDIO_for_ARM_x86_64_8.0.0/Tools/arm-atollic-reports.jar sizeinfo list /media/petr/HDD/FEL/MINA/Atollic_Workspace/MandelbrotHW/Debug/MandelbrotHW.elf 
Generate build reports...
Print size information
   text	   data	    bss	    dec	    hex	filename
   6404	   1048	   1576	   9028	   2344	/media/petr/HDD/FEL/MINA/Atollic_Workspace/MandelbrotHW/Debug/MandelbrotHW.elf
Print size information done
Generate listing file
Output sent to: /media/petr/HDD/FEL/MINA/Atollic_Workspace/MandelbrotHW/Debug/MandelbrotHW.list
Generate listing file done
Generate build reports done
23:23:20 **** Incremental Build of configuration Debug for project MBED_Test ****
Info: Internal Builder is used for build
arm-atollic-eabi-gcc -c ../src/main.c -mthumb -mcpu=cortex-m4 -std=gnu11 -DSTM32F411xE -I../src -I../Drivers/CMSIS/Include -I../Drivers/CMSIS/Device/ST/STM32F4xx/Include -I../Drivers/STM32F4xx_HAL_Driver/Inc -O0 -ffunction-sections -fdata-sections -g -fstack-usage -Wall -specs=nano.specs -o src/main.o 
../src/main.c: In function 'main':
../src/main.c:133:27: warning: format '%u' expects argument of type 'unsigned int', but argument 3 has type 'uint32_t {aka long unsigned int}' [-Wformat=]
       sprintf(bufLCD, "R:%u G:%u B:%u", r, g, b);
                           ^
../src/main.c:133:32: warning: format '%u' expects argument of type 'unsigned int', but argument 4 has type 'uint32_t {aka long unsigned int}' [-Wformat=]
       sprintf(bufLCD, "R:%u G:%u B:%u", r, g, b);
                                ^
../src/main.c:133:37: warning: format '%u' expects argument of type 'unsigned int', but argument 5 has type 'uint32_t {aka long unsigned int}' [-Wformat=]
       sprintf(bufLCD, "R:%u G:%u B:%u", r, g, b);
                                     ^
arm-atollic-eabi-gcc -c ../src/system_stm32f4xx.c -mthumb -mcpu=cortex-m4 -std=gnu11 -DSTM32F411xE -I../src -I../Drivers/CMSIS/Include -I../Drivers/CMSIS/Device/ST/STM32F4xx/Include -I../Drivers/STM32F4xx_HAL_Driver/Inc -O0 -ffunction-sections -fdata-sections -g -fstack-usage -Wall -specs=nano.specs -o src/system_stm32f4xx.o 
arm-atollic-eabi-gcc -c ../src/nucleo_core.c -mthumb -mcpu=cortex-m4 -std=gnu11 -DSTM32F411xE -I../src -I../Drivers/CMSIS/Include -I../Drivers/CMSIS/Device/ST/STM32F4xx/Include -I../Drivers/STM32F4xx_HAL_Driver/Inc -O0 -ffunction-sections -fdata-sections -g -fstack-usage -Wall -specs=nano.specs -o src/nucleo_core.o 
arm-atollic-eabi-gcc -c ../src/nucleo_usart.c -mthumb -mcpu=cortex-m4 -std=gnu11 -DSTM32F411xE -I../src -I../Drivers/CMSIS/Include -I../Drivers/CMSIS/Device/ST/STM32F4xx/Include -I../Drivers/STM32F4xx_HAL_Driver/Inc -O0 -ffunction-sections -fdata-sections -g -fstack-usage -Wall -specs=nano.specs -o src/nucleo_usart.o 
../src/nucleo_usart.c: In function 'Usart2RecvLine':
../src/nucleo_usart.c:87:43: warning: operation on 'bufPtr' may be undefined [-Wsequence-point]
     while( !( (*bufPtr == 0x0A) | (*bufPtr++ == 0x0D)) ); // Waiting for LF Line Feed or CR Carriage Return
                                     ~~~~~~^~
arm-atollic-eabi-gcc -c ../src/tiny_printf.c -mthumb -mcpu=cortex-m4 -std=gnu11 -DSTM32F411xE -I../src -I../Drivers/CMSIS/Include -I../Drivers/CMSIS/Device/ST/STM32F4xx/Include -I../Drivers/STM32F4xx_HAL_Driver/Inc -O0 -ffunction-sections -fdata-sections -g -fstack-usage -Wall -specs=nano.specs -o src/tiny_printf.o 
arm-atollic-eabi-gcc -c ../src/mina_shield.c -mthumb -mcpu=cortex-m4 -std=gnu11 -DSTM32F411xE -I../src -I../Drivers/CMSIS/Include -I../Drivers/CMSIS/Device/ST/STM32F4xx/Include -I../Drivers/STM32F4xx_HAL_Driver/Inc -O0 -ffunction-sections -fdata-sections -g -fstack-usage -Wall -specs=nano.specs -o src/mina_shield.o 
arm-atollic-eabi-gcc -c ../src/mbed_shield_lcd.c -mthumb -mcpu=cortex-m4 -std=gnu11 -DSTM32F411xE -I../src -I../Drivers/CMSIS/Include -I../Drivers/CMSIS/Device/ST/STM32F4xx/Include -I../Drivers/STM32F4xx_HAL_Driver/Inc -O0 -ffunction-sections -fdata-sections -g -fstack-usage -Wall -specs=nano.specs -o src/mbed_shield_lcd.o 
arm-atollic-eabi-gcc -c ../src/rgb_led_driver.c -mthumb -mcpu=cortex-m4 -std=gnu11 -DSTM32F411xE -I../src -I../Drivers/CMSIS/Include -I../Drivers/CMSIS/Device/ST/STM32F4xx/Include -I../Drivers/STM32F4xx_HAL_Driver/Inc -O0 -ffunction-sections -fdata-sections -g -fstack-usage -Wall -specs=nano.specs -o src/rgb_led_driver.o 
arm-atollic-eabi-gcc -c ../src/syscalls.c -mthumb -mcpu=cortex-m4 -std=gnu11 -DSTM32F411xE -I../src -I../Drivers/CMSIS/Include -I../Drivers/CMSIS/Device/ST/STM32F4xx/Include -I../Drivers/STM32F4xx_HAL_Driver/Inc -O0 -ffunction-sections -fdata-sections -g -fstack-usage -Wall -specs=nano.specs -o src/syscalls.o 
arm-atollic-eabi-gcc -o MBED_Test.elf src/main.o src/mbed_shield_lcd.o src/mina_shield.o src/nucleo_core.o src/nucleo_usart.o src/rgb_led_driver.o src/startup_stm32f411xe.o src/syscalls.o src/system_stm32f4xx.o src/tiny_printf.o -mthumb -mcpu=cortex-m4 -T../stm32_flash.ld -specs=nosys.specs -static -Wl,-cref,-u,Reset_Handler -Wl,-Map=MBED_Test.map -Wl,--gc-sections -Wl,--defsym=malloc_getpagesize_P=0x80 -Wl,--start-group -lc -lm -Wl,--end-group -specs=nano.specs 
/opt/Atollic_TrueSTUDIO_for_ARM_x86_64_8.0.0/ide/jre/bin/java -jar /opt/Atollic_TrueSTUDIO_for_ARM_x86_64_8.0.0/Tools/arm-atollic-reports.jar sizeinfo list /media/petr/HDD/FEL/MINA/Atollic_Workspace/MBED_Test/Debug/MBED_Test.elf 
Generate build reports...
Print size information
   text	   data	    bss	    dec	    hex	filename
  13700	   1504	   1580	  16784	   4190	/media/petr/HDD/FEL/MINA/Atollic_Workspace/MBED_Test/Debug/MBED_Test.elf
Print size information done
Generate listing file
Output sent to: /media/petr/HDD/FEL/MINA/Atollic_Workspace/MBED_Test/Debug/MBED_Test.list
Generate listing file done
Generate build reports done
Info: Nothing to build for MandelbrotHW
23:24:39 **** Incremental Build of configuration Debug for project MandelbrotHW ****
Info: Internal Builder is used for build
arm-atollic-eabi-gcc -c ../src/nucleo_core.c -mthumb -mcpu=cortex-m4 -std=gnu11 -DSTM32F411xE -I../src -I../Drivers/CMSIS/Include -I../Drivers/CMSIS/Device/ST/STM32F4xx/Include -I../Drivers/STM32F4xx_HAL_Driver/Inc -O0 -ffunction-sections -fdata-sections -g -fstack-usage -Wall -specs=nano.specs -o src/nucleo_core.o 
arm-atollic-eabi-gcc -c ../src/system_stm32f4xx.c -mthumb -mcpu=cortex-m4 -std=gnu11 -DSTM32F411xE -I../src -I../Drivers/CMSIS/Include -I../Drivers/CMSIS/Device/ST/STM32F4xx/Include -I../Drivers/STM32F4xx_HAL_Driver/Inc -O0 -ffunction-sections -fdata-sections -g -fstack-usage -Wall -specs=nano.specs -o src/system_stm32f4xx.o 
arm-atollic-eabi-gcc -c ../src/tiny_printf.c -mthumb -mcpu=cortex-m4 -std=gnu11 -DSTM32F411xE -I../src -I../Drivers/CMSIS/Include -I../Drivers/CMSIS/Device/ST/STM32F4xx/Include -I../Drivers/STM32F4xx_HAL_Driver/Inc -O0 -ffunction-sections -fdata-sections -g -fstack-usage -Wall -specs=nano.specs -o src/tiny_printf.o 
arm-atollic-eabi-gcc -c ../src/mina_shield.c -mthumb -mcpu=cortex-m4 -std=gnu11 -DSTM32F411xE -I../src -I../Drivers/CMSIS/Include -I../Drivers/CMSIS/Device/ST/STM32F4xx/Include -I../Drivers/STM32F4xx_HAL_Driver/Inc -O0 -ffunction-sections -fdata-sections -g -fstack-usage -Wall -specs=nano.specs -o src/mina_shield.o 
arm-atollic-eabi-gcc -c ../src/main.c -mthumb -mcpu=cortex-m4 -std=gnu11 -DSTM32F411xE -I../src -I../Drivers/CMSIS/Include -I../Drivers/CMSIS/Device/ST/STM32F4xx/Include -I../Drivers/STM32F4xx_HAL_Driver/Inc -O0 -ffunction-sections -fdata-sections -g -fstack-usage -Wall -specs=nano.specs -o src/main.o 
In file included from ../src/main.c:38:0:
../src/mandelbrot.h: In function 'CalculateMandel':
../src/mandelbrot.h:61:24: warning: format '%u' expects argument of type 'unsigned int', but argument 3 has type 'uint32_t {aka long unsigned int}' [-Wformat=]
   sprintf(buf, "Time: %u", ms_elapsed);
                        ^
../src/main.c: In function 'main':
../src/main.c:74:3: warning: implicit declaration of function 'initJoystick' [-Wimplicit-function-declaration]
   initJoystick();
   ^~~~~~~~~~~~
arm-atollic-eabi-gcc -c ../src/mbed_shield_lcd.c -mthumb -mcpu=cortex-m4 -std=gnu11 -DSTM32F411xE -I../src -I../Drivers/CMSIS/Include -I../Drivers/CMSIS/Device/ST/STM32F4xx/Include -I../Drivers/STM32F4xx_HAL_Driver/Inc -O0 -ffunction-sections -fdata-sections -g -fstack-usage -Wall -specs=nano.specs -o src/mbed_shield_lcd.o 
arm-atollic-eabi-gcc -o MandelbrotHW.elf src/main.o src/mbed_shield_lcd.o src/mina_shield.o src/nucleo_core.o src/startup_stm32f411xe.o src/system_stm32f4xx.o src/tiny_printf.o -mthumb -mcpu=cortex-m4 -T../stm32_flash.ld -specs=nosys.specs -static -Wl,-cref,-u,Reset_Handler -Wl,-Map=MandelbrotHW.map -Wl,--gc-sections -Wl,--defsym=malloc_getpagesize_P=0x80 -Wl,--start-group -lc -lm -Wl,--end-group -specs=nano.specs 
/opt/Atollic_TrueSTUDIO_for_ARM_x86_64_8.0.0/ide/jre/bin/java -jar /opt/Atollic_TrueSTUDIO_for_ARM_x86_64_8.0.0/Tools/arm-atollic-reports.jar sizeinfo list /media/petr/HDD/FEL/MINA/Atollic_Workspace/MandelbrotHW/Debug/MandelbrotHW.elf 
Generate build reports...
Print size information
   text	   data	    bss	    dec	    hex	filename
   7928	   1048	   1576	  10552	   2938	/media/petr/HDD/FEL/MINA/Atollic_Workspace/MandelbrotHW/Debug/MandelbrotHW.elf
Print size information done
Generate listing file
Output sent to: /media/petr/HDD/FEL/MINA/Atollic_Workspace/MandelbrotHW/Debug/MandelbrotHW.list
Generate listing file done
Generate build reports done
23:25:48 **** Incremental Build of configuration Debug for project MandelbrotHW ****
Info: Internal Builder is used for build
arm-atollic-eabi-gcc -c ../src/main.c -mthumb -mcpu=cortex-m4 -mfloat-abi=hard -mfpu=fpv4-sp-d16 -std=gnu11 -DSTM32F411xE -I../src -I../Drivers/CMSIS/Include -I../Drivers/CMSIS/Device/ST/STM32F4xx/Include -I../Drivers/STM32F4xx_HAL_Driver/Inc -O0 -ffunction-sections -fdata-sections -g -fstack-usage -Wall -specs=nano.specs -o src/main.o 
In file included from ../src/main.c:38:0:
../src/mandelbrot.h: In function 'CalculateMandel':
../src/mandelbrot.h:61:24: warning: format '%u' expects argument of type 'unsigned int', but argument 3 has type 'uint32_t {aka long unsigned int}' [-Wformat=]
   sprintf(buf, "Time: %u", ms_elapsed);
                        ^
../src/main.c: In function 'main':
../src/main.c:74:3: warning: implicit declaration of function 'initJoystick' [-Wimplicit-function-declaration]
   initJoystick();
   ^~~~~~~~~~~~
arm-atollic-eabi-gcc -c ../src/nucleo_core.c -mthumb -mcpu=cortex-m4 -mfloat-abi=hard -mfpu=fpv4-sp-d16 -std=gnu11 -DSTM32F411xE -I../src -I../Drivers/CMSIS/Include -I../Drivers/CMSIS/Device/ST/STM32F4xx/Include -I../Drivers/STM32F4xx_HAL_Driver/Inc -O0 -ffunction-sections -fdata-sections -g -fstack-usage -Wall -specs=nano.specs -o src/nucleo_core.o 
arm-atollic-eabi-gcc -c ../src/mina_shield.c -mthumb -mcpu=cortex-m4 -mfloat-abi=hard -mfpu=fpv4-sp-d16 -std=gnu11 -DSTM32F411xE -I../src -I../Drivers/CMSIS/Include -I../Drivers/CMSIS/Device/ST/STM32F4xx/Include -I../Drivers/STM32F4xx_HAL_Driver/Inc -O0 -ffunction-sections -fdata-sections -g -fstack-usage -Wall -specs=nano.specs -o src/mina_shield.o 
arm-atollic-eabi-gcc -c ../src/tiny_printf.c -mthumb -mcpu=cortex-m4 -mfloat-abi=hard -mfpu=fpv4-sp-d16 -std=gnu11 -DSTM32F411xE -I../src -I../Drivers/CMSIS/Include -I../Drivers/CMSIS/Device/ST/STM32F4xx/Include -I../Drivers/STM32F4xx_HAL_Driver/Inc -O0 -ffunction-sections -fdata-sections -g -fstack-usage -Wall -specs=nano.specs -o src/tiny_printf.o 
arm-atollic-eabi-gcc -c ../src/mbed_shield_lcd.c -mthumb -mcpu=cortex-m4 -mfloat-abi=hard -mfpu=fpv4-sp-d16 -std=gnu11 -DSTM32F411xE -I../src -I../Drivers/CMSIS/Include -I../Drivers/CMSIS/Device/ST/STM32F4xx/Include -I../Drivers/STM32F4xx_HAL_Driver/Inc -O0 -ffunction-sections -fdata-sections -g -fstack-usage -Wall -specs=nano.specs -o src/mbed_shield_lcd.o 
arm-atollic-eabi-gcc -c ../src/system_stm32f4xx.c -mthumb -mcpu=cortex-m4 -mfloat-abi=hard -mfpu=fpv4-sp-d16 -std=gnu11 -DSTM32F411xE -I../src -I../Drivers/CMSIS/Include -I../Drivers/CMSIS/Device/ST/STM32F4xx/Include -I../Drivers/STM32F4xx_HAL_Driver/Inc -O0 -ffunction-sections -fdata-sections -g -fstack-usage -Wall -specs=nano.specs -o src/system_stm32f4xx.o 
arm-atollic-eabi-gcc -o MandelbrotHW.elf src/main.o src/mbed_shield_lcd.o src/mina_shield.o src/nucleo_core.o src/startup_stm32f411xe.o src/system_stm32f4xx.o src/tiny_printf.o -mthumb -mcpu=cortex-m4 -mfloat-abi=hard -mfpu=fpv4-sp-d16 -T../stm32_flash.ld -specs=nosys.specs -static -Wl,-cref,-u,Reset_Handler -Wl,-Map=MandelbrotHW.map -Wl,--gc-sections -Wl,--defsym=malloc_getpagesize_P=0x80 -Wl,--start-group -lc -lm -Wl,--end-group -specs=nano.specs 
/opt/Atollic_TrueSTUDIO_for_ARM_x86_64_8.0.0/ide/jre/bin/java -jar /opt/Atollic_TrueSTUDIO_for_ARM_x86_64_8.0.0/Tools/arm-atollic-reports.jar sizeinfo list /media/petr/HDD/FEL/MINA/Atollic_Workspace/MandelbrotHW/Debug/MandelbrotHW.elf 
Generate build reports...
Print size information
   text	   data	    bss	    dec	    hex	filename
   6404	   1048	   1576	   9028	   2344	/media/petr/HDD/FEL/MINA/Atollic_Workspace/MandelbrotHW/Debug/MandelbrotHW.elf
Print size information done
Generate listing file
Output sent to: /media/petr/HDD/FEL/MINA/Atollic_Workspace/MandelbrotHW/Debug/MandelbrotHW.list
Generate listing file done
Generate build reports done
