23:18:10 **** Incremental Build of configuration Debug for project LCD_hello ****
Info: Internal Builder is used for build
arm-atollic-eabi-gcc -c ../src/main.c -mthumb -mcpu=cortex-m4 -mfloat-abi=hard -mfpu=fpv4-sp-d16 -std=gnu11 -DSTM32F411xE -I../src -I../Drivers/CMSIS/Include -I../Drivers/CMSIS/Device/ST/STM32F4xx/Include -I../Drivers/STM32F4xx_HAL_Driver/Inc -O0 -ffunction-sections -fdata-sections -g -fstack-usage -Wall -specs=nano.specs -o src/main.o 
arm-atollic-eabi-gcc -o LCD_hello.elf src/main.o src/mbed_shield_lcd.o src/nucleo_core.o src/nucleo_usart.o src/startup_stm32f411xe.o src/syscalls.o src/system_stm32f4xx.o src/tiny_printf.o -mthumb -mcpu=cortex-m4 -mfloat-abi=hard -mfpu=fpv4-sp-d16 -T../stm32_flash.ld -specs=nosys.specs -static -Wl,-cref,-u,Reset_Handler -Wl,-Map=LCD_hello.map -Wl,--gc-sections -Wl,--defsym=malloc_getpagesize_P=0x80 -Wl,--start-group -lc -lm -Wl,--end-group -specs=nano.specs 
/opt/Atollic_TrueSTUDIO_for_ARM_x86_64_8.0.0/ide/jre/bin/java -jar /opt/Atollic_TrueSTUDIO_for_ARM_x86_64_8.0.0/Tools/arm-atollic-reports.jar sizeinfo list /media/petr/HDD/FEL/MINA/Atollic_Workspace/LCD_hello/Debug/LCD_hello.elf 
Generate build reports...
Print size information
   text	   data	    bss	    dec	    hex	filename
   5856	   1040	   1564	   8460	   210c	/media/petr/HDD/FEL/MINA/Atollic_Workspace/LCD_hello/Debug/LCD_hello.elf
Print size information done
Generate listing file
Output sent to: /media/petr/HDD/FEL/MINA/Atollic_Workspace/LCD_hello/Debug/LCD_hello.list
Generate listing file done
Generate build reports done

23:18:10 Build Finished (took 685ms)

