23:25:48 **** Incremental Build of configuration Debug for project MandelbrotHW ****
Info: Internal Builder is used for build
arm-atollic-eabi-gcc -c ../src/main.c -mthumb -mcpu=cortex-m4 -mfloat-abi=hard -mfpu=fpv4-sp-d16 -std=gnu11 -DSTM32F411xE -I../src -I../Drivers/CMSIS/Include -I../Drivers/CMSIS/Device/ST/STM32F4xx/Include -I../Drivers/STM32F4xx_HAL_Driver/Inc -O0 -ffunction-sections -fdata-sections -g -fstack-usage -Wall -specs=nano.specs -o src/main.o 
In file included from ../src/main.c:38:0:
../src/mandelbrot.h: In function 'CalculateMandel':
../src/mandelbrot.h:61:24: warning: format '%u' expects argument of type 'unsigned int', but argument 3 has type 'uint32_t {aka long unsigned int}' [-Wformat=]
   sprintf(buf, "Time: %u", ms_elapsed);
                        ^
../src/main.c: In function 'main':
../src/main.c:74:3: warning: implicit declaration of function 'initJoystick' [-Wimplicit-function-declaration]
   initJoystick();
   ^~~~~~~~~~~~
arm-atollic-eabi-gcc -c ../src/nucleo_core.c -mthumb -mcpu=cortex-m4 -mfloat-abi=hard -mfpu=fpv4-sp-d16 -std=gnu11 -DSTM32F411xE -I../src -I../Drivers/CMSIS/Include -I../Drivers/CMSIS/Device/ST/STM32F4xx/Include -I../Drivers/STM32F4xx_HAL_Driver/Inc -O0 -ffunction-sections -fdata-sections -g -fstack-usage -Wall -specs=nano.specs -o src/nucleo_core.o 
arm-atollic-eabi-gcc -c ../src/mina_shield.c -mthumb -mcpu=cortex-m4 -mfloat-abi=hard -mfpu=fpv4-sp-d16 -std=gnu11 -DSTM32F411xE -I../src -I../Drivers/CMSIS/Include -I../Drivers/CMSIS/Device/ST/STM32F4xx/Include -I../Drivers/STM32F4xx_HAL_Driver/Inc -O0 -ffunction-sections -fdata-sections -g -fstack-usage -Wall -specs=nano.specs -o src/mina_shield.o 
arm-atollic-eabi-gcc -c ../src/tiny_printf.c -mthumb -mcpu=cortex-m4 -mfloat-abi=hard -mfpu=fpv4-sp-d16 -std=gnu11 -DSTM32F411xE -I../src -I../Drivers/CMSIS/Include -I../Drivers/CMSIS/Device/ST/STM32F4xx/Include -I../Drivers/STM32F4xx_HAL_Driver/Inc -O0 -ffunction-sections -fdata-sections -g -fstack-usage -Wall -specs=nano.specs -o src/tiny_printf.o 
arm-atollic-eabi-gcc -c ../src/mbed_shield_lcd.c -mthumb -mcpu=cortex-m4 -mfloat-abi=hard -mfpu=fpv4-sp-d16 -std=gnu11 -DSTM32F411xE -I../src -I../Drivers/CMSIS/Include -I../Drivers/CMSIS/Device/ST/STM32F4xx/Include -I../Drivers/STM32F4xx_HAL_Driver/Inc -O0 -ffunction-sections -fdata-sections -g -fstack-usage -Wall -specs=nano.specs -o src/mbed_shield_lcd.o 
arm-atollic-eabi-gcc -c ../src/system_stm32f4xx.c -mthumb -mcpu=cortex-m4 -mfloat-abi=hard -mfpu=fpv4-sp-d16 -std=gnu11 -DSTM32F411xE -I../src -I../Drivers/CMSIS/Include -I../Drivers/CMSIS/Device/ST/STM32F4xx/Include -I../Drivers/STM32F4xx_HAL_Driver/Inc -O0 -ffunction-sections -fdata-sections -g -fstack-usage -Wall -specs=nano.specs -o src/system_stm32f4xx.o 
arm-atollic-eabi-gcc -o MandelbrotHW.elf src/main.o src/mbed_shield_lcd.o src/mina_shield.o src/nucleo_core.o src/startup_stm32f411xe.o src/system_stm32f4xx.o src/tiny_printf.o -mthumb -mcpu=cortex-m4 -mfloat-abi=hard -mfpu=fpv4-sp-d16 -T../stm32_flash.ld -specs=nosys.specs -static -Wl,-cref,-u,Reset_Handler -Wl,-Map=MandelbrotHW.map -Wl,--gc-sections -Wl,--defsym=malloc_getpagesize_P=0x80 -Wl,--start-group -lc -lm -Wl,--end-group -specs=nano.specs 
/opt/Atollic_TrueSTUDIO_for_ARM_x86_64_8.0.0/ide/jre/bin/java -jar /opt/Atollic_TrueSTUDIO_for_ARM_x86_64_8.0.0/Tools/arm-atollic-reports.jar sizeinfo list /media/petr/HDD/FEL/MINA/Atollic_Workspace/MandelbrotHW/Debug/MandelbrotHW.elf 
Generate build reports...
Print size information
   text	   data	    bss	    dec	    hex	filename
   6404	   1048	   1576	   9028	   2344	/media/petr/HDD/FEL/MINA/Atollic_Workspace/MandelbrotHW/Debug/MandelbrotHW.elf
Print size information done
Generate listing file
Output sent to: /media/petr/HDD/FEL/MINA/Atollic_Workspace/MandelbrotHW/Debug/MandelbrotHW.list
Generate listing file done
Generate build reports done

23:25:49 Build Finished (took 1s.787ms)

