18:22:48 **** Incremental Build of configuration Debug for project MBED_Test ****
Info: Internal Builder is used for build
arm-atollic-eabi-gcc -c ../src/nucleo_usart.c -mthumb -mcpu=cortex-m4 -mfloat-abi=hard -mfpu=fpv4-sp-d16 -std=gnu11 -DSTM32F411xE -I../src -I../Drivers/CMSIS/Include -I../Drivers/CMSIS/Device/ST/STM32F4xx/Include -I../Drivers/STM32F4xx_HAL_Driver/Inc -O0 -ffunction-sections -fdata-sections -g -fstack-usage -Wall -specs=nano.specs -o src/nucleo_usart.o 
arm-atollic-eabi-gcc -o MBED_Test.elf src/main.o src/mina_shield.o src/nucleo_core.o src/nucleo_usart.o src/startup_stm32f411xe.o src/syscalls.o src/system_stm32f4xx.o src/tiny_printf.o -mthumb -mcpu=cortex-m4 -mfloat-abi=hard -mfpu=fpv4-sp-d16 -T../stm32_flash.ld -specs=nosys.specs -static -Wl,-cref,-u,Reset_Handler -Wl,-Map=MBED_Test.map -Wl,--gc-sections -Wl,--defsym=malloc_getpagesize_P=0x80 -Wl,--start-group -lc -lm -Wl,--end-group -specs=nano.specs 
/opt/Atollic_TrueSTUDIO_for_ARM_x86_64_8.0.0/ide/jre/bin/java -jar /opt/Atollic_TrueSTUDIO_for_ARM_x86_64_8.0.0/Tools/arm-atollic-reports.jar sizeinfo list /media/batekp/Data/FEL/MINA/Atollic_Workspace/MBED_Test/Debug/MBED_Test.elf 
Generate build reports...
Print size information
   text	   data	    bss	    dec	    hex	filename
   6148	    112	   1068	   7328	   1ca0	/media/batekp/Data/FEL/MINA/Atollic_Workspace/MBED_Test/Debug/MBED_Test.elf
Print size information done
Generate listing file
Output sent to: /media/batekp/Data/FEL/MINA/Atollic_Workspace/MBED_Test/Debug/MBED_Test.list
Generate listing file done
Generate build reports done

18:22:49 Build Finished (took 626ms)

